Component: ARM Compiler 5.05 (build 41) Tool: armlink [4d0eb9]

==============================================================================

Section Cross References

    main.o(.text) refers to misc.o(.text) for NVIC_PriorityGroupConfig
    main.o(.text) refers to delay.o(.text) for delay_init
    main.o(.text) refers to led.o(.text) for LED_Init
    main.o(.text) refers to usart.o(.text) for uart_init
    main.o(.text) refers to stm32f4xx_gpio.o(.text) for GPIO_SetBits
    main.o(.text) refers to hc05.o(.text) for HC05_Init
    main.o(.text) refers to usart3.o(.text) for u3_printf
    main.o(.text) refers to __2printf.o(.text) for __2printf
    main.o(.text) refers to usmart_config.o(.data) for usmart_dev
    main.o(.text) refers to usart3.o(.data) for USART3_RX_STA
    main.o(.text) refers to usart3.o(.bss) for USART3_RX_BUF
    main.o(.text) refers to usart.o(.data) for USART_RX_STA
    main.o(.text) refers to usart.o(.bss) for USART_RX_BUF
    system_stm32f4xx.o(.text) refers to system_stm32f4xx.o(.data) for SystemCoreClock
    led.o(.text) refers to stm32f4xx_rcc.o(.text) for RCC_AHB1PeriphClockCmd
    led.o(.text) refers to stm32f4xx_gpio.o(.text) for GPIO_Init
    key.o(.text) refers to stm32f4xx_rcc.o(.text) for RCC_AHB1PeriphClockCmd
    key.o(.text) refers to stm32f4xx_gpio.o(.text) for GPIO_Init
    key.o(.text) refers to delay.o(.text) for delay_ms
    key.o(.text) refers to key.o(.data) for key_up
    lcd.o(.text) refers to _printf_percent.o(.ARM.Collect$$_printf_percent$$00000000) for _printf_percent
    lcd.o(.text) refers to _printf_x.o(.ARM.Collect$$_printf_percent$$0000000C) for _printf_x
    lcd.o(.text) refers to _printf_hex_int_ll_ptr.o(.text) for _printf_longlong_hex
    lcd.o(.text) refers to delay.o(.text) for delay_us
    lcd.o(.text) refers to lcd.o(.bss) for lcddev
    lcd.o(.text) refers to dflt_clz.o(x$fpl$dfltu) for __aeabi_ui2d
    lcd.o(.text) refers to dmul.o(x$fpl$dmul) for __aeabi_dmul
    lcd.o(.text) refers to dfixu.o(x$fpl$dfixu) for __aeabi_d2uiz
    lcd.o(.text) refers to lcd.o(.data) for POINT_COLOR
    lcd.o(.text) refers to stm32f4xx_rcc.o(.text) for RCC_AHB1PeriphClockCmd
    lcd.o(.text) refers to stm32f4xx_gpio.o(.text) for GPIO_Init
    lcd.o(.text) refers to stm32f4xx_fsmc.o(.text) for FSMC_NORSRAMInit
    lcd.o(.text) refers to __2printf.o(.text) for __2printf
    lcd.o(.text) refers to lcd.o(.constdata) for asc2_1206
    timer.o(.text) refers to stm32f4xx_tim.o(.text) for TIM_GetITStatus
    timer.o(.text) refers to stm32f4xx_rcc.o(.text) for RCC_APB1PeriphClockCmd
    timer.o(.text) refers to misc.o(.text) for NVIC_Init
    timer.o(.text) refers to usart3.o(.data) for USART3_RX_STA
    usart3.o(.text) refers to stm32f4xx_usart.o(.text) for USART_GetITStatus
    usart3.o(.text) refers to stm32f4xx_tim.o(.text) for TIM_SetCounter
    usart3.o(.text) refers to stm32f4xx_rcc.o(.text) for RCC_AHB1PeriphClockCmd
    usart3.o(.text) refers to stm32f4xx_gpio.o(.text) for GPIO_Init
    usart3.o(.text) refers to misc.o(.text) for NVIC_Init
    usart3.o(.text) refers to timer.o(.text) for TIM7_Int_Init
    usart3.o(.text) refers to c89vsprintf.o(.text) for __c89vsprintf
    usart3.o(.text) refers to strlen.o(.text) for strlen
    usart3.o(.text) refers to delay.o(.text) for delay_ms
    usart3.o(.text) refers to usart3.o(.data) for USART3_RX_STA
    usart3.o(.text) refers to usart3.o(.bss) for USART3_RX_BUF
    hc05.o(.text) refers to _printf_percent.o(.ARM.Collect$$_printf_percent$$00000000) for _printf_percent
    hc05.o(.text) refers to _printf_s.o(.ARM.Collect$$_printf_percent$$00000014) for _printf_s
    hc05.o(.text) refers to _printf_str.o(.text) for _printf_str
    hc05.o(.text) refers to stm32f4xx_rcc.o(.text) for RCC_AHB1PeriphClockCmd
    hc05.o(.text) refers to stm32f4xx_gpio.o(.text) for GPIO_SetBits
    hc05.o(.text) refers to usart3.o(.text) for usart3_init
    hc05.o(.text) refers to delay.o(.text) for delay_ms
    hc05.o(.text) refers to __2printf.o(.text) for __2printf
    hc05.o(.text) refers to usart3.o(.data) for USART3_RX_STA
    hc05.o(.text) refers to usart3.o(.bss) for USART3_RX_BUF
    delay.o(.text) refers to misc.o(.text) for SysTick_CLKSourceConfig
    delay.o(.text) refers to delay.o(.data) for fac_us
    usart.o(.rev16_text) refers (Special) to use_no_semi_2.o(.text) for __use_no_semihosting
    usart.o(.revsh_text) refers (Special) to use_no_semi_2.o(.text) for __use_no_semihosting
    usart.o(.rrx_text) refers (Special) to use_no_semi_2.o(.text) for __use_no_semihosting
    usart.o(.text) refers (Special) to use_no_semi_2.o(.text) for __use_no_semihosting
    usart.o(.text) refers to stm32f4xx_rcc.o(.text) for RCC_AHB1PeriphClockCmd
    usart.o(.text) refers to stm32f4xx_gpio.o(.text) for GPIO_PinAFConfig
    usart.o(.text) refers to stm32f4xx_usart.o(.text) for USART_Init
    usart.o(.text) refers to misc.o(.text) for NVIC_Init
    usart.o(.text) refers to usart.o(.data) for USART_RX_STA
[...]
    .ARM.Collect$$libshutdown$$00000003      0x080002f2   Section        0  libshutdown2.o(.ARM.Collect$$libshutdown$$00000003)
    .ARM.Collect$$libshutdown$$00000006      0x080002f2   Section        0  libshutdown2.o(.ARM.Collect$$libshutdown$$00000006)
    .ARM.Collect$$libshutdown$$00000009      0x080002f2   Section        0  libshutdown2.o(.ARM.Collect$$libshutdown$$00000009)
    .ARM.Collect$$libshutdown$$0000000B      0x080002f2   Section        0  libshutdown2.o(.ARM.Collect$$libshutdown$$0000000B)
    .ARM.Collect$$libshutdown$$0000000E      0x080002f2   Section        0  libshutdown2.o(.ARM.Collect$$libshutdown$$0000000E)
    .ARM.Collect$$libshutdown$$0000000F      0x080002f2   Section        2  libshutdown2.o(.ARM.Collect$$libshutdown$$0000000F)
    .ARM.Collect$$rtentry$$00000000          0x080002f4   Section        0  __rtentry.o(.ARM.Collect$$rtentry$$00000000)
    .ARM.Collect$$rtentry$$00000002          0x080002f4   Section        0  __rtentry2.o(.ARM.Collect$$rtentry$$00000002)
    .ARM.Collect$$rtentry$$00000004          0x080002f4   Section        6  __rtentry4.o(.ARM.Collect$$rtentry$$00000004)
    .ARM.Collect$$rtentry$$00000009          0x080002fa   Section        0  __rtentry2.o(.ARM.Collect$$rtentry$$00000009)
    .ARM.Collect$$rtentry$$0000000A          0x080002fa   Section        4  __rtentry2.o(.ARM.Collect$$rtentry$$0000000A)
    .ARM.Collect$$rtentry$$0000000C          0x080002fe   Section        0  __rtentry2.o(.ARM.Collect$$rtentry$$0000000C)
    .ARM.Collect$$rtentry$$0000000D          0x080002fe   Section        8  __rtentry2.o(.ARM.Collect$$rtentry$$0000000D)
    .ARM.Collect$$rtexit$$00000000           0x08000306   Section        2  rtexit.o(.ARM.Collect$$rtexit$$00000000)
    .ARM.Collect$$rtexit$$00000002           0x08000308   Section        0  rtexit2.o(.ARM.Collect$$rtexit$$00000002)
    .ARM.Collect$$rtexit$$00000003           0x08000308   Section        4  rtexit2.o(.ARM.Collect$$rtexit$$00000003)
    .ARM.Collect$$rtexit$$00000004           0x0800030c   Section        6  rtexit2.o(.ARM.Collect$$rtexit$$00000004)
    .text                                    0x08000314   Section        0  main.o(.text)
    .text                                    0x08000448   Section        0  stm32f4xx_it.o(.text)
    .text                                    0x08000464   Section        0  system_stm32f4xx.o(.text)
    SetSysClock                              0x08000465   Thumb Code   220  system_stm32f4xx.o(.text)
    .text                                    0x08000674   Section        0  led.o(.text)
    .text                                    0x080006b4   Section        0  timer.o(.text)
    .text                                    0x0800073c   Section        0  usart3.o(.text)
    .text                                    0x08000a78   Section        0  hc05.o(.text)
    .text                                    0x08000c60   Section        0  delay.o(.text)
    .text                                    0x08000d64   Section        0  usart.o(.text)
    .text                                    0x08000eb8   Section       64  startup_stm32f40_41xxx.o(.text)
    $v0                                      0x08000eb8   Number         0  startup_stm32f40_41xxx.o(.text)
    .text                                    0x08000ef8   Section        0  misc.o(.text)
    .text                                    0x08000fd8   Section        0  stm32f4xx_gpio.o(.text)
    .text                                    0x0800126c   Section        0  stm32f4xx_rcc.o(.text)
    .text                                    0x080018c8   Section        0  stm32f4xx_usart.o(.text)
    .text                                    0x08001d1c   Section        0  stm32f4xx_tim.o(.text)
    TI4_Config                               0x080024bb   Thumb Code    80  stm32f4xx_tim.o(.text)
    TI3_Config                               0x0800251d   Thumb Code    72  stm32f4xx_tim.o(.text)
    TI2_Config                               0x0800257f   Thumb Code    90  stm32f4xx_tim.o(.text)
    TI1_Config                               0x080025eb   Thumb Code    58  stm32f4xx_tim.o(.text)
    .text                                    0x080029c0   Section        0  usmart.o(.text)
    .text                                    0x080035f4   Section        0  usmart_str.o(.text)
    .text                                    0x08003b1c   Section        2  use_no_semi_2.o(.text)
    .text                                    0x08003b20   Section        0  c89vsprintf.o(.text)
    .text                                    0x08003b44   Section        0  __2printf.o(.text)
    .text                                    0x08003b5c   Section        0  _printf_pad.o(.text)
    .text                                    0x08003baa   Section        0  _printf_str.o(.text)
    .text                                    0x08003bfc   Section        0  _printf_dec.o(.text)
    .text                                    0x08003c74   Section        0  _printf_hex_int_ll_ptr.o(.text)
    _printf_hex_common                       0x08003c75   Thumb Code     0  _printf_hex_int_ll_ptr.o(.text)
    .text                                    0x08003d08   Section        0  __printf_flags_ss_wp.o(.text)
    .text                                    0x08003e90   Section        0  strlen.o(.text)
    .text                                    0x08003ece   Section        0  heapauxi.o(.text)
    .text                                    0x08003ed4   Section        2  use_no_semi.o(.text)
    .text                                    0x08003ed6   Section        0  _printf_truncate.o(.text)
    .text                                    0x08003efa   Section        0  _printf_intcommon.o(.text)
    .text                                    0x08003fac   Section        0  _printf_charcount.o(.text)
    .text                                    0x08003fd4   Section        0  _printf_char_common.o(.text)
    _printf_input_char                       0x08003fd5   Thumb Code    10  _printf_char_common.o(.text)
    .text                                    0x08004004   Section        0  _sputc.o(.text)
    .text                                    0x0800400e   Section        0  _printf_char.o(.text)
    .text                                    0x0800403c   Section        0  _printf_char_file.o(.text)
    .text                                    0x08004060   Section        0  _printf_wctomb.o(.text)
    .text                                    0x0800411c   Section        0  _printf_longlong_dec.o(.text)
    .text                                    0x08004198   Section        0  _printf_oct_int_ll.o(.text)
    _printf_longlong_oct_internal            0x08004199   Thumb Code     0  _printf_oct_int_ll.o(.text)
    .text                                    0x08004208   Section      138  lludiv10.o(.text)
    .text                                    0x08004292   Section        0  _printf_fp_dec.o(.text)
    _fp_digits                               0x08004295   Thumb Code   428  _printf_fp_dec.o(.text)
    .text                                    0x080046ac   Section        0  _printf_wchar.o(.text)
    .text                                    0x080046d8   Section        0  ferror.o(.text)
    .text                                    0x080046e0   Section        0  _wcrtomb.o(.text)
    .text                                    0x08004720   Section       74  sys_stackheap_outer.o(.text)
    .text                                    0x0800476c   Section       16  rt_ctype_table.o(.text)
    .text                                    0x0800477c   Section        8  rt_locale_intlibspace.o(.text)
    .text                                    0x08004784   Section        0  _printf_fp_infnan.o(.text)
    .text                                    0x08004804   Section        0  bigflt0.o(.text)
    .text                                    0x080048e0   Section        0  exit.o(.text)
    .text                                    0x080048ec   Section        8  libspace.o(.text)
    .text                                    0x080048f4   Section      128  strcmpv7m.o(.text)
    CL$$btod_d2e                             0x08004974   Section       62  btod.o(CL$$btod_d2e)
    CL$$btod_d2e_denorm_low                  0x080049b2   Section       70  btod.o(CL$$btod_d2e_denorm_low)
    CL$$btod_d2e_norm_op1                    0x080049f8   Section       96  btod.o(CL$$btod_d2e_norm_op1)
    CL$$btod_div_common                      0x08004a58   Section      824  btod.o(CL$$btod_div_common)
    CL$$btod_e2e                             0x08004d90   Section      198  btod.o(CL$$btod_e2e)
    CL$$btod_ediv                            0x08004e56   Section       40  btod.o(CL$$btod_ediv)
    CL$$btod_emul                            0x08004e7e   Section       40  btod.o(CL$$btod_emul)
    CL$$btod_mult_common                     0x08004ea6   Section      580  btod.o(CL$$btod_mult_common)
    i.__ARM_fpclassify                       0x080050ea   Section        0  fpclassify.o(i.__ARM_fpclassify)
    i._is_digit                              0x0800511a   Section        0  __printf_wp.o(i._is_digit)
    locale$$code                             0x08005128   Section       44  lc_numeric_c.o(locale$$code)
    locale$$code                             0x08005154   Section       44  lc_ctype_c.o(locale$$code)
    x$fpl$fpinit                             0x08005180   Section       10  fpinit.o(x$fpl$fpinit)
    $v0                                      0x08005180   Number         0  fpinit.o(x$fpl$fpinit)
    x$fpl$printf1                            0x0800518a   Section        4  printf1.o(x$fpl$printf1)
    $v0                                      0x0800518a   Number         0  printf1.o(x$fpl$printf1)
    .constdata                               0x0800518e   Section       40  _printf_hex_int_ll_ptr.o(.constdata)
    x$fpl$usenofp                            0x0800518e   Section        0  usenofp.o(x$fpl$usenofp)
    uc_hextab                                0x0800518e   Data          20  _printf_hex_int_ll_ptr.o(.constdata)
    lc_hextab                                0x080051a2   Data          20  _printf_hex_int_ll_ptr.o(.constdata)
    .constdata                               0x080051b6   Section       17  __printf_flags_ss_wp.o(.constdata)
    maptable                                 0x080051b6   Data          17  __printf_flags_ss_wp.o(.constdata)
    .constdata                               0x080051c8   Section        8  _printf_wctomb.o(.constdata)
    initial_mbstate                          0x080051c8   Data           8  _printf_wctomb.o(.constdata)
    .constdata                               0x080051d0   Section      148  bigflt0.o(.constdata)
    tenpwrs_x                                0x080051d0   Data          60  bigflt0.o(.constdata)
    tenpwrs_i                                0x0800520c   Data          64  bigflt0.o(.constdata)
    .conststring                             0x08005264   Section       40  usmart.o(.conststring)
    .conststring                             0x0800528c   Section      111  usmart_config.o(.conststring)
    locale$$data                             0x0800531c   Section       28  lc_numeric_c.o(locale$$data)
    __lcnum_c_name                           0x08005320   Data           2  lc_numeric_c.o(locale$$data)
    __lcnum_c_start                          0x08005328   Data           0  lc_numeric_c.o(locale$$data)
    __lcnum_c_point                          0x08005334   Data           0  lc_numeric_c.o(locale$$data)
    __lcnum_c_thousands                      0x08005336   Data           0  lc_numeric_c.o(locale$$data)
    __lcnum_c_grouping                       0x08005337   Data           0  lc_numeric_c.o(locale$$data)
    locale$$data                             0x08005338   Section      272  lc_ctype_c.o(locale$$data)
    __lcnum_c_end                            0x08005338   Data           0  lc_numeric_c.o(locale$$data)
    __lcctype_c_name                         0x0800533c   Data           2  lc_ctype_c.o(locale$$data)
    __lcctype_c_start                        0x08005344   Data           0  lc_ctype_c.o(locale$$data)
    __lcctype_c_end                          0x08005448   Data           0  lc_ctype_c.o(locale$$data)
    .data                                    0x20000000   Section       20  system_stm32f4xx.o(.data)
    .data                                    0x20000014   Section        4  usart3.o(.data)
    .data                                    0x20000018   Section        4  delay.o(.data)
    fac_us                                   0x20000018   Data           1  delay.o(.data)
    fac_ms                                   0x2000001a   Data           2  delay.o(.data)
    .data                                    0x2000001c   Section        6  usart.o(.data)
    .data                                    0x20000022   Section       16  stm32f4xx_rcc.o(.data)
    APBAHBPrescTable                         0x20000022   Data          16  stm32f4xx_rcc.o(.data)
    .data                                    0x20000034   Section       28  usmart.o(.data)
    .data                                    0x20000050   Section      276  usmart_config.o(.data)
    .bss                                     0x20000168   Section     1600  usart3.o(.bss)
    .bss                                     0x200007a8   Section      200  usart.o(.bss)
    .bss                                     0x20000870   Section       96  libspace.o(.bss)
    HEAP                                     0x200008d0   Section      512  startup_stm32f40_41xxx.o(HEAP)
    Heap_Mem                                 0x200008d0   Data         512  startup_stm32f40_41xxx.o(HEAP)
    STACK                                    0x20000ad0   Section     1024  startup_stm32f40_41xxx.o(STACK)
    Stack_Mem                                0x20000ad0   Data        1024  startup_stm32f40_41xxx.o(STACK)
    __initial_sp                             0x20000ed0   Data           0  startup_stm32f40_41xxx.o(STACK)

    Global Symbols

    Symbol Name                              Value     Ov Type        Size  Object(Section)

    BuildAttributes$$THM_ISAv4$E$P$D$K$B$S$7EM$VFPi3$EXTD16$VFPS$VFMA$PE$A:L22UL41UL21$X:L11$S22US41US21$IEEE1$IW$USESV6$~STKCKD$USESV7$~SHL$OTIME$ROPI$IEEEJ$EBA8$UX$STANDARDLIB$REQ8$PRES8$EABIv2 0x00000000   Number         0  anon$$obj.o ABSOLUTE
    __ARM_use_no_argv                        0x00000000   Number         0  main.o ABSOLUTE
    _printf_flags                            0x00000000   Number         0  printf_stubs.o ABSOLUTE
    _printf_return_value                     0x00000000   Number         0  printf_stubs.o ABSOLUTE
    _printf_sizespec                         0x00000000   Number         0  printf_stubs.o ABSOLUTE
    _printf_widthprec                        0x00000000   Number         0  printf_stubs.o ABSOLUTE
    __ARM_exceptions_init                     - Undefined Weak Reference
    __alloca_initialize                       - Undefined Weak Reference
    __arm_preinit_                            - Undefined Weak Reference
    __cpp_initialize__aeabi_                  - Undefined Weak Reference
    __cxa_finalize                            - Undefined Weak Reference
    __sigvec_lookup                           - Undefined Weak Reference
    _atexit_init                              - Undefined Weak Reference
    _call_atexit_fns                          - Undefined Weak Reference
    _clock_init                               - Undefined Weak Reference
    _fp_trap_init                             - Undefined Weak Reference
    _fp_trap_shutdown                         - Undefined Weak Reference
    _get_lc_collate                           - Undefined Weak Reference
    _get_lc_monetary                          - Undefined Weak Reference
    _get_lc_time                              - Undefined Weak Reference
    _getenv_init                              - Undefined Weak Reference
    _handle_redirection                       - Undefined Weak Reference
    _init_alloc                               - Undefined Weak Reference
    _init_user_alloc                          - Undefined Weak Reference
    _initio                                   - Undefined Weak Reference
    _mutex_acquire                            - Undefined Weak Reference
    _mutex_release                            - Undefined Weak Reference
    _printf_fp_hex                            - Undefined Weak Reference
    _printf_mbtowc                            - Undefined Weak Reference
    _printf_wc                                - Undefined Weak Reference
    _rand_init                                - Undefined Weak Reference
    _signal_finish                            - Undefined Weak Reference
    _signal_init                              - Undefined Weak Reference
    _terminate_alloc                          - Undefined Weak Reference
    _terminate_user_alloc                     - Undefined Weak Reference
    _terminateio                              - Undefined Weak Reference
    __Vectors_Size                           0x00000188   Number         0  startup_stm32f40_41xxx.o ABSOLUTE
    __Vectors                                0x08000000   Data           4  startup_stm32f40_41xxx.o(RESET)
    __Vectors_End                            0x08000188   Data           0  startup_stm32f40_41xxx.o(RESET)
    __main                                   0x08000189   Thumb Code     8  __main.o(!!!main)
    __scatterload                            0x08000191   Thumb Code     0  __scatter.o(!!!scatter)
    __scatterload_rt2                        0x08000191   Thumb Code    44  __scatter.o(!!!scatter)
    __scatterload_rt2_thumb_only             0x08000191   Thumb Code     0  __scatter.o(!!!scatter)
    __scatterload_null                       0x0800019f   Thumb Code     0  __scatter.o(!!!scatter)
    __decompress                             0x080001c5   Thumb Code    90  __dczerorl2.o(!!dczerorl2)
    __decompress1                            0x080001c5   Thumb Code     0  __dczerorl2.o(!!dczerorl2)
    __scatterload_zeroinit                   0x08000221   Thumb Code    28  __scatter_zi.o(!!handler_zi)
    _printf_n                                0x0800023d   Thumb Code     0  _printf_n.o(.ARM.Collect$$_printf_percent$$00000001)
    _printf_percent                          0x0800023d   Thumb Code     0  _printf_percent.o(.ARM.Collect$$_printf_percent$$00000000)
    _printf_p                                0x08000243   Thumb Code     0  _printf_p.o(.ARM.Collect$$_printf_percent$$00000002)
    _printf_f                                0x08000249   Thumb Code     0  _printf_f.o(.ARM.Collect$$_printf_percent$$00000003)
    _printf_e                                0x0800024f   Thumb Code     0  _printf_e.o(.ARM.Collect$$_printf_percent$$00000004)
    _printf_g                                0x08000255   Thumb Code     0  _printf_g.o(.ARM.Collect$$_printf_percent$$00000005)
    _printf_a                                0x0800025b   Thumb Code     0  _printf_a.o(.ARM.Collect$$_printf_percent$$00000006)
    _printf_ll                               0x08000261   Thumb Code     0  _printf_ll.o(.ARM.Collect$$_printf_percent$$00000007)
    _printf_i                                0x0800026b   Thumb Code     0  _printf_i.o(.ARM.Collect$$_printf_percent$$00000008)
    _printf_d                                0x08000271   Thumb Code     0  _printf_d.o(.ARM.Collect$$_printf_percent$$00000009)
    _printf_u                                0x08000277   Thumb Code     0  _printf_u.o(.ARM.Collect$$_printf_percent$$0000000A)
    _printf_o                                0x0800027d   Thumb Code     0  _printf_o.o(.ARM.Collect$$_printf_percent$$0000000B)
    _printf_x                                0x08000283   Thumb Code     0  _printf_x.o(.ARM.Collect$$_printf_percent$$0000000C)
    _printf_lli                              0x08000289   Thumb Code     0  _printf_lli.o(.ARM.Collect$$_printf_percent$$0000000D)
    _printf_lld                              0x0800028f   Thumb Code     0  _printf_lld.o(.ARM.Collect$$_printf_percent$$0000000E)
    _printf_llu                              0x08000295   Thumb Code     0  _printf_llu.o(.ARM.Collect$$_printf_percent$$0000000F)
    _printf_llo                              0x0800029b   Thumb Code     0  _printf_llo.o(.ARM.Collect$$_printf_percent$$00000010)
    _printf_llx                              0x080002a1   Thumb Code     0  _printf_llx.o(.ARM.Collect$$_printf_percent$$00000011)
    _printf_l                                0x080002a7   Thumb Code     0  _printf_l.o(.ARM.Collect$$_printf_percent$$00000012)
    _printf_c                                0x080002b1   Thumb Code     0  _printf_c.o(.ARM.Collect$$_printf_percent$$00000013)
    _printf_s                                0x080002b7   Thumb Code     0  _printf_s.o(.ARM.Collect$$_printf_percent$$00000014)
    _printf_lc                               0x080002bd   Thumb Code     0  _printf_lc.o(.ARM.Collect$$_printf_percent$$00000015)
    _printf_ls                               0x080002c3   Thumb Code     0  _printf_ls.o(.ARM.Collect$$_printf_percent$$00000016)
    _printf_percent_end                      0x080002c9   Thumb Code     0  _printf_percent_end.o(.ARM.Collect$$_printf_percent$$00000017)
    __rt_lib_init                            0x080002cd   Thumb Code     0  libinit.o(.ARM.Collect$$libinit$$00000000)
    __rt_lib_init_fp_1                       0x080002cf   Thumb Code     0  libinit2.o(.ARM.Collect$$libinit$$00000001)
    __rt_lib_init_heap_1                     0x080002d3   Thumb Code     0  libinit2.o(.ARM.Collect$$libinit$$0000000A)
    __rt_lib_init_lc_common                  0x080002d3   Thumb Code     0  libinit2.o(.ARM.Collect$$libinit$$0000000F)
    __rt_lib_init_preinit_1                  0x080002d3   Thumb Code     0  libinit2.o(.ARM.Collect$$libinit$$00000004)
    __rt_lib_init_rand_1                     0x080002d3   Thumb Code     0  libinit2.o(.ARM.Collect$$libinit$$0000000E)
    __rt_lib_init_user_alloc_1               0x080002d3   Thumb Code     0  libinit2.o(.ARM.Collect$$libinit$$0000000C)
    __rt_lib_init_lc_collate_1               0x080002d9   Thumb Code     0  libinit2.o(.ARM.Collect$$libinit$$00000011)
    __rt_lib_init_lc_ctype_2                 0x080002d9   Thumb Code     0  libinit2.o(.ARM.Collect$$libinit$$00000012)
    __rt_lib_init_lc_ctype_1                 0x080002e5   Thumb Code     0  libinit2.o(.ARM.Collect$$libinit$$00000013)
    __rt_lib_init_lc_monetary_1              0x080002e5   Thumb Code     0  libinit2.o(.ARM.Collect$$libinit$$00000015)
    __rt_lib_init_lc_numeric_2               0x080002e5   Thumb Code     0  libinit2.o(.ARM.Collect$$libinit$$00000016)
    __rt_lib_init_alloca_1                   0x080002ef   Thumb Code     0  libinit2.o(.ARM.Collect$$libinit$$0000002E)
    __rt_lib_init_argv_1                     0x080002ef   Thumb Code     0  libinit2.o(.ARM.Collect$$libinit$$0000002C)
    __rt_lib_init_atexit_1                   0x080002ef   Thumb Code     0  libinit2.o(.ARM.Collect$$libinit$$0000001B)
    __rt_lib_init_clock_1                    0x080002ef   Thumb Code     0  libinit2.o(.ARM.Collect$$libinit$$00000021)
    __rt_lib_init_cpp_1                      0x080002ef   Thumb Code     0  libinit2.o(.ARM.Collect$$libinit$$00000032)
    __rt_lib_init_exceptions_1               0x080002ef   Thumb Code     0  libinit2.o(.ARM.Collect$$libinit$$00000030)
    __rt_lib_init_fp_trap_1                  0x080002ef   Thumb Code     0  libinit2.o(.ARM.Collect$$libinit$$0000001F)
    __rt_lib_init_getenv_1                   0x080002ef   Thumb Code     0  libinit2.o(.ARM.Collect$$libinit$$00000023)
    __rt_lib_init_lc_numeric_1               0x080002ef   Thumb Code     0  libinit2.o(.ARM.Collect$$libinit$$00000017)
    __rt_lib_init_lc_time_1                  0x080002ef   Thumb Code     0  libinit2.o(.ARM.Collect$$libinit$$00000019)
    __rt_lib_init_return                     0x080002ef   Thumb Code     0  libinit2.o(.ARM.Collect$$libinit$$00000033)
    __rt_lib_init_signal_1                   0x080002ef   Thumb Code     0  libinit2.o(.ARM.Collect$$libinit$$0000001D)
    __rt_lib_init_stdio_1                    0x080002ef   Thumb Code     0  libinit2.o(.ARM.Collect$$libinit$$00000025)
    __rt_lib_shutdown                        0x080002f1   Thumb Code     0  libshutdown.o(.ARM.Collect$$libshutdown$$00000000)
    __rt_lib_shutdown_fp_trap_1              0x080002f3   Thumb Code     0  libshutdown2.o(.ARM.Collect$$libshutdown$$00000006)
    __rt_lib_shutdown_heap_1                 0x080002f3   Thumb Code     0  libshutdown2.o(.ARM.Collect$$libshutdown$$0000000E)
    __rt_lib_shutdown_return                 0x080002f3   Thumb Code     0  libshutdown2.o(.ARM.Collect$$libshutdown$$0000000F)
    __rt_lib_shutdown_signal_1               0x080002f3   Thumb Code     0  libshutdown2.o(.ARM.Collect$$libshutdown$$00000009)
    __rt_lib_shutdown_stdio_1                0x080002f3   Thumb Code     0  libshutdown2.o(.ARM.Collect$$libshutdown$$00000003)
    __rt_lib_shutdown_user_alloc_1           0x080002f3   Thumb Code     0  libshutdown2.o(.ARM.Collect$$libshutdown$$0000000B)
    __rt_entry                               0x080002f5   Thumb Code     0  __rtentry.o(.ARM.Collect$$rtentry$$00000000)
    __rt_entry_presh_1                       0x080002f5   Thumb Code     0  __rtentry2.o(.ARM.Collect$$rtentry$$00000002)
    __rt_entry_sh                            0x080002f5   Thumb Code     0  __rtentry4.o(.ARM.Collect$$rtentry$$00000004)
    __rt_entry_li                            0x080002fb   Thumb Code     0  __rtentry2.o(.ARM.Collect$$rtentry$$0000000A)
    __rt_entry_postsh_1                      0x080002fb   Thumb Code     0  __rtentry2.o(.ARM.Collect$$rtentry$$00000009)
    __rt_entry_main                          0x080002ff   Thumb Code     0  __rtentry2.o(.ARM.Collect$$rtentry$$0000000D)
    __rt_entry_postli_1                      0x080002ff   Thumb Code     0  __rtentry2.o(.ARM.Collect$$rtentry$$0000000C)
    __rt_exit                                0x08000307   Thumb Code     0  rtexit.o(.ARM.Collect$$rtexit$$00000000)
    __rt_exit_ls                             0x08000309   Thumb Code     0  rtexit2.o(.ARM.Collect$$rtexit$$00000003)
    __rt_exit_prels_1                        0x08000309   Thumb Code     0  rtexit2.o(.ARM.Collect$$rtexit$$00000002)
    __rt_exit_exit                           0x0800030d   Thumb Code     0  rtexit2.o(.ARM.Collect$$rtexit$$00000004)
    main                                     0x08000315   Thumb Code   244  main.o(.text)
    NMI_Handler                              0x08000449   Thumb Code     2  stm32f4xx_it.o(.text)
    HardFault_Handler                        0x0800044b   Thumb Code     4  stm32f4xx_it.o(.text)
    MemManage_Handler                        0x0800044f   Thumb Code     4  stm32f4xx_it.o(.text)
    BusFault_Handler                         0x08000453   Thumb Code     4  stm32f4xx_it.o(.text)
    UsageFault_Handler                       0x08000457   Thumb Code     4  stm32f4xx_it.o(.text)
    SVC_Handler                              0x0800045b   Thumb Code     2  stm32f4xx_it.o(.text)
    DebugMon_Handler                         0x0800045d   Thumb Code     2  stm32f4xx_it.o(.text)
    PendSV_Handler                           0x0800045f   Thumb Code     2  stm32f4xx_it.o(.text)
    SysTick_Handler                          0x08000461   Thumb Code     2  stm32f4xx_it.o(.text)
    SystemInit                               0x08000541   Thumb Code    88  system_stm32f4xx.o(.text)
    SystemCoreClockUpdate                    0x08000599   Thumb Code   174  system_stm32f4xx.o(.text)
    LED_Init                                 0x08000675   Thumb Code    60  led.o(.text)
    TIM7_IRQHandler                          0x080006b5   Thumb Code    42  timer.o(.text)
    TIM7_Int_Init                            0x080006df   Thumb Code    86  timer.o(.text)
    USART3_IRQHandler                        0x0800073d   Thumb Code    96  usart3.o(.text)
    usart3_init                              0x0800079d   Thumb Code   204  usart3.o(.text)
    u3_printf                                0x08000869   Thumb Code    72  usart3.o(.text)
    USART6_IRQHandler                        0x080008b1   Thumb Code   156  usart3.o(.text)
    usart6_init                              0x0800094d   Thumb Code   184  usart3.o(.text)
    u6_printf                                0x08000a05   Thumb Code    72  usart3.o(.text)
    HC05_Init                                0x08000a79   Thumb Code    92  hc05.o(.text)
    HC05_Get_Role                            0x08000ad5   Thumb Code   124  hc05.o(.text)
    HC05_Set_Cmd                             0x08000b51   Thumb Code   128  hc05.o(.text)
    HC05_CFG_CMD                             0x08000bd1   Thumb Code    94  hc05.o(.text)
    delay_init                               0x08000c61   Thumb Code    52  delay.o(.text)
    delay_us                                 0x08000c95   Thumb Code    72  delay.o(.text)
    delay_xms                                0x08000cdd   Thumb Code    72  delay.o(.text)
    delay_ms                                 0x08000d25   Thumb Code    56  delay.o(.text)
    _sys_exit                                0x08000d65   Thumb Code     6  usart.o(.text)
    fputc                                    0x08000d6b   Thumb Code    22  usart.o(.text)
    uart_init                                0x08000d81   Thumb Code   172  usart.o(.text)
    USART1_IRQHandler                        0x08000e2d   Thumb Code   122  usart.o(.text)
    Reset_Handler                            0x08000eb9   Thumb Code     8  startup_stm32f40_41xxx.o(.text)
    ADC_IRQHandler                           0x08000ed3   Thumb Code     0  startup_stm32f40_41xxx.o(.text)
    CAN1_RX0_IRQHandler                      0x08000ed3   Thumb Code     0  startup_stm32f40_41xxx.o(.text)
    CAN1_RX1_IRQHandler                      0x08000ed3   Thumb Code     0  startup_stm32f40_41xxx.o(.text)
    CAN1_SCE_IRQHandler                      0x08000ed3   Thumb Code     0  startup_stm32f40_41xxx.o(.text)
    CAN1_TX_IRQHandler                       0x08000ed3   Thumb Code     0  startup_stm32f40_41xxx.o(.text)
    CAN2_RX0_IRQHandler                      0x08000ed3   Thumb Code     0  startup_stm32f40_41xxx.o(.text)
    CAN2_RX1_IRQHandler                      0x08000ed3   Thumb Code     0  startup_stm32f40_41xxx.o(.text)
    CAN2_SCE_IRQHandler                      0x08000ed3   Thumb Code     0  startup_stm32f40_41xxx.o(.text)
    CAN2_TX_IRQHandler                       0x08000ed3   Thumb Code     0  startup_stm32f40_41xxx.o(.text)
    CRYP_IRQHandler                          0x08000ed3   Thumb Code     0  startup_stm32f40_41xxx.o(.text)
    DCMI_IRQHandler                          0x08000ed3   Thumb Code     0  startup_stm32f40_41xxx.o(.text)
    DMA1_Stream0_IRQHandler                  0x08000ed3   Thumb Code     0  startup_stm32f40_41xxx.o(.text)
    DMA1_Stream1_IRQHandler                  0x08000ed3   Thumb Code     0  startup_stm32f40_41xxx.o(.text)
    DMA1_Stream2_IRQHandler                  0x08000ed3   Thumb Code     0  startup_stm32f40_41xxx.o(.text)
    DMA1_Stream3_IRQHandler                  0x08000ed3   Thumb Code     0  startup_stm32f40_41xxx.o(.text)
    DMA1_Stream4_IRQHandler                  0x08000ed3   Thumb Code     0  startup_stm32f40_41xxx.o(.text)
    DMA1_Stream5_IRQHandler                  0x08000ed3   Thumb Code     0  startup_stm32f40_41xxx.o(.text)
    DMA1_Stream6_IRQHandler                  0x08000ed3   Thumb Code     0  startup_stm32f40_41xxx.o(.text)
    DMA1_Stream7_IRQHandler                  0x08000ed3   Thumb Code     0  startup_stm32f40_41xxx.o(.text)
    DMA2_Stream0_IRQHandler                  0x08000ed3   Thumb Code     0  startup_stm32f40_41xxx.o(.text)
    DMA2_Stream1_IRQHandler                  0x08000ed3   Thumb Code     0  startup_stm32f40_41xxx.o(.text)
    DMA2_Stream2_IRQHandler                  0x08000ed3   Thumb Code     0  startup_stm32f40_41xxx.o(.text)
    DMA2_Stream3_IRQHandler                  0x08000ed3   Thumb Code     0  startup_stm32f40_41xxx.o(.text)
    DMA2_Stream4_IRQHandler                  0x08000ed3   Thumb Code     0  startup_stm32f40_41xxx.o(.text)
    DMA2_Stream5_IRQHandler                  0x08000ed3   Thumb Code     0  startup_stm32f40_41xxx.o(.text)
    DMA2_Stream6_IRQHandler                  0x08000ed3   Thumb Code     0  startup_stm32f40_41xxx.o(.text)
    DMA2_Stream7_IRQHandler                  0x08000ed3   Thumb Code     0  startup_stm32f40_41xxx.o(.text)
    ETH_IRQHandler                           0x08000ed3   Thumb Code     0  startup_stm32f40_41xxx.o(.text)
    ETH_WKUP_IRQHandler                      0x08000ed3   Thumb Code     0  startup_stm32f40_41xxx.o(.text)
    EXTI0_IRQHandler                         0x08000ed3   Thumb Code     0  startup_stm32f40_41xxx.o(.text)
    EXTI15_10_IRQHandler                     0x08000ed3   Thumb Code     0  startup_stm32f40_41xxx.o(.text)
    EXTI1_IRQHandler                         0x08000ed3   Thumb Code     0  startup_stm32f40_41xxx.o(.text)
    EXTI2_IRQHandler                         0x08000ed3   Thumb Code     0  startup_stm32f40_41xxx.o(.text)
    EXTI3_IRQHandler                         0x08000ed3   Thumb Code     0  startup_stm32f40_41xxx.o(.text)
    EXTI4_IRQHandler                         0x08000ed3   Thumb Code     0  startup_stm32f40_41xxx.o(.text)
    EXTI9_5_IRQHandler                       0x08000ed3   Thumb Code     0  startup_stm32f40_41xxx.o(.text)
    FLASH_IRQHandler                         0x08000ed3   Thumb Code     0  startup_stm32f40_41xxx.o(.text)
    FPU_IRQHandler                           0x08000ed3   Thumb Code     0  startup_stm32f40_41xxx.o(.text)
    FSMC_IRQHandler                          0x08000ed3   Thumb Code     0  startup_stm32f40_41xxx.o(.text)
    HASH_RNG_IRQHandler                      0x08000ed3   Thumb Code     0  startup_stm32f40_41xxx.o(.text)
    I2C1_ER_IRQHandler                       0x08000ed3   Thumb Code     0  startup_stm32f40_41xxx.o(.text)
    I2C1_EV_IRQHandler                       0x08000ed3   Thumb Code     0  startup_stm32f40_41xxx.o(.text)
    I2C2_ER_IRQHandler                       0x08000ed3   Thumb Code     0  startup_stm32f40_41xxx.o(.text)
    I2C2_EV_IRQHandler                       0x08000ed3   Thumb Code     0  startup_stm32f40_41xxx.o(.text)
    I2C3_ER_IRQHandler                       0x08000ed3   Thumb Code     0  startup_stm32f40_41xxx.o(.text)
    I2C3_EV_IRQHandler                       0x08000ed3   Thumb Code     0  startup_stm32f40_41xxx.o(.text)
    OTG_FS_IRQHandler                        0x08000ed3   Thumb Code     0  startup_stm32f40_41xxx.o(.text)
    OTG_FS_WKUP_IRQHandler                   0x08000ed3   Thumb Code     0  startup_stm32f40_41xxx.o(.text)
    OTG_HS_EP1_IN_IRQHandler                 0x08000ed3   Thumb Code     0  startup_stm32f40_41xxx.o(.text)
    OTG_HS_EP1_OUT_IRQHandler                0x08000ed3   Thumb Code     0  startup_stm32f40_41xxx.o(.text)
    OTG_HS_IRQHandler                        0x08000ed3   Thumb Code     0  startup_stm32f40_41xxx.o(.text)
    OTG_HS_WKUP_IRQHandler                   0x08000ed3   Thumb Code     0  startup_stm32f40_41xxx.o(.text)
    PVD_IRQHandler                           0x08000ed3   Thumb Code     0  startup_stm32f40_41xxx.o(.text)
    RCC_IRQHandler                           0x08000ed3   Thumb Code     0  startup_stm32f40_41xxx.o(.text)
    RTC_Alarm_IRQHandler                     0x08000ed3   Thumb Code     0  startup_stm32f40_41xxx.o(.text)
    RTC_WKUP_IRQHandler                      0x08000ed3   Thumb Code     0  startup_stm32f40_41xxx.o(.text)
    SDIO_IRQHandler                          0x08000ed3   Thumb Code     0  startup_stm32f40_41xxx.o(.text)
    SPI1_IRQHandler                          0x08000ed3   Thumb Code     0  startup_stm32f40_41xxx.o(.text)
    SPI2_IRQHandler                          0x08000ed3   Thumb Code     0  startup_stm32f40_41xxx.o(.text)
    SPI3_IRQHandler                          0x08000ed3   Thumb Code     0  startup_stm32f40_41xxx.o(.text)
    TAMP_STAMP_IRQHandler                    0x08000ed3   Thumb Code     0  startup_stm32f40_41xxx.o(.text)
    TIM1_BRK_TIM9_IRQHandler                 0x08000ed3   Thumb Code     0  startup_stm32f40_41xxx.o(.text)
    TIM1_CC_IRQHandler                       0x08000ed3   Thumb Code     0  startup_stm32f40_41xxx.o(.text)
    TIM1_TRG_COM_TIM11_IRQHandler            0x08000ed3   Thumb Code     0  startup_stm32f40_41xxx.o(.text)
    TIM1_UP_TIM10_IRQHandler                 0x08000ed3   Thumb Code     0  startup_stm32f40_41xxx.o(.text)
    TIM2_IRQHandler                          0x08000ed3   Thumb Code     0  startup_stm32f40_41xxx.o(.text)
    TIM3_IRQHandler                          0x08000ed3   Thumb Code     0  startup_stm32f40_41xxx.o(.text)
    TIM5_IRQHandler                          0x08000ed3   Thumb Code     0  startup_stm32f40_41xxx.o(.text)
    TIM6_DAC_IRQHandler                      0x08000ed3   Thumb Code     0  startup_stm32f40_41xxx.o(.text)
    TIM8_BRK_TIM12_IRQHandler                0x08000ed3   Thumb Code     0  startup_stm32f40_41xxx.o(.text)
    TIM8_CC_IRQHandler                       0x08000ed3   Thumb Code     0  startup_stm32f40_41xxx.o(.text)
    TIM8_TRG_COM_TIM14_IRQHandler            0x08000ed3   Thumb Code     0  startup_stm32f40_41xxx.o(.text)
    TIM8_UP_TIM13_IRQHandler                 0x08000ed3   Thumb Code     0  startup_stm32f40_41xxx.o(.text)
    UART4_IRQHandler                         0x08000ed3   Thumb Code     0  startup_stm32f40_41xxx.o(.text)
    UART5_IRQHandler                         0x08000ed3   Thumb Code     0  startup_stm32f40_41xxx.o(.text)
    USART2_IRQHandler                        0x08000ed3   Thumb Code     0  startup_stm32f40_41xxx.o(.text)
    WWDG_IRQHandler                          0x08000ed3   Thumb Code     0  startup_stm32f40_41xxx.o(.text)
    __user_initial_stackheap                 0x08000ed5   Thumb Code     0  startup_stm32f40_41xxx.o(.text)
    NVIC_PriorityGroupConfig                 0x08000ef9   Thumb Code    10  misc.o(.text)
    NVIC_Init                                0x08000f03   Thumb Code   106  misc.o(.text)
    NVIC_SetVectorTable                      0x08000f6d   Thumb Code    14  misc.o(.text)
    NVIC_SystemLPConfig                      0x08000f7b   Thumb Code    34  misc.o(.text)
    SysTick_CLKSourceConfig                  0x08000f9d   Thumb Code    40  misc.o(.text)
    GPIO_DeInit                              0x08000fd9   Thumb Code   268  stm32f4xx_gpio.o(.text)
    GPIO_Init                                0x080010e5   Thumb Code   144  stm32f4xx_gpio.o(.text)
    GPIO_StructInit                          0x08001175   Thumb Code    18  stm32f4xx_gpio.o(.text)
    GPIO_PinLockConfig                       0x08001187   Thumb Code    34  stm32f4xx_gpio.o(.text)
    GPIO_ReadInputDataBit                    0x080011a9   Thumb Code    18  stm32f4xx_gpio.o(.text)
    GPIO_ReadInputData                       0x080011bb   Thumb Code     8  stm32f4xx_gpio.o(.text)
    GPIO_ReadOutputDataBit                   0x080011c3   Thumb Code    18  stm32f4xx_gpio.o(.text)
    GPIO_ReadOutputData                      0x080011d5   Thumb Code     8  stm32f4xx_gpio.o(.text)
    GPIO_SetBits                             0x080011dd   Thumb Code     4  stm32f4xx_gpio.o(.text)
    GPIO_ResetBits                           0x080011e1   Thumb Code     4  stm32f4xx_gpio.o(.text)
    GPIO_WriteBit                            0x080011e5   Thumb Code    10  stm32f4xx_gpio.o(.text)
    GPIO_Write                               0x080011ef   Thumb Code     4  stm32f4xx_gpio.o(.text)
    GPIO_ToggleBits                          0x080011f3   Thumb Code     8  stm32f4xx_gpio.o(.text)
    GPIO_PinAFConfig                         0x080011fb   Thumb Code    70  stm32f4xx_gpio.o(.text)
    RCC_DeInit                               0x0800126d   Thumb Code    82  stm32f4xx_rcc.o(.text)
    RCC_HSEConfig                            0x080012bf   Thumb Code    14  stm32f4xx_rcc.o(.text)
    RCC_GetFlagStatus                        0x080012cd   Thumb Code    60  stm32f4xx_rcc.o(.text)
    RCC_WaitForHSEStartUp                    0x08001309   Thumb Code    56  stm32f4xx_rcc.o(.text)
    RCC_AdjustHSICalibrationValue            0x08001341   Thumb Code    20  stm32f4xx_rcc.o(.text)
    RCC_HSICmd                               0x08001355   Thumb Code     6  stm32f4xx_rcc.o(.text)
    RCC_LSEConfig                            0x0800135b   Thumb Code    46  stm32f4xx_rcc.o(.text)
    RCC_LSICmd                               0x08001389   Thumb Code     6  stm32f4xx_rcc.o(.text)
    RCC_PLLConfig                            0x0800138f   Thumb Code    32  stm32f4xx_rcc.o(.text)
    RCC_PLLCmd                               0x080013af   Thumb Code     6  stm32f4xx_rcc.o(.text)
    RCC_PLLI2SConfig                         0x080013b5   Thumb Code    14  stm32f4xx_rcc.o(.text)
    RCC_PLLI2SCmd                            0x080013c3   Thumb Code     6  stm32f4xx_rcc.o(.text)
    RCC_PLLSAIConfig                         0x080013c9   Thumb Code    20  stm32f4xx_rcc.o(.text)
    RCC_PLLSAICmd                            0x080013dd   Thumb Code     6  stm32f4xx_rcc.o(.text)
    RCC_ClockSecuritySystemCmd               0x080013e3   Thumb Code     6  stm32f4xx_rcc.o(.text)
    RCC_MCO1Config                           0x080013e9   Thumb Code    28  stm32f4xx_rcc.o(.text)
    RCC_MCO2Config                           0x08001405   Thumb Code    28  stm32f4xx_rcc.o(.text)
    RCC_SYSCLKConfig                         0x08001421   Thumb Code    20  stm32f4xx_rcc.o(.text)
    RCC_GetSYSCLKSource                      0x08001435   Thumb Code    12  stm32f4xx_rcc.o(.text)
    RCC_HCLKConfig                           0x08001441   Thumb Code    20  stm32f4xx_rcc.o(.text)
    RCC_PCLK1Config                          0x08001455   Thumb Code    20  stm32f4xx_rcc.o(.text)
    RCC_PCLK2Config                          0x08001469   Thumb Code    22  stm32f4xx_rcc.o(.text)
    RCC_GetClocksFreq                        0x0800147f   Thumb Code   222  stm32f4xx_rcc.o(.text)
    RCC_RTCCLKConfig                         0x0800155d   Thumb Code    54  stm32f4xx_rcc.o(.text)
    RCC_RTCCLKCmd                            0x08001593   Thumb Code     8  stm32f4xx_rcc.o(.text)
    RCC_BackupResetCmd                       0x0800159b   Thumb Code     8  stm32f4xx_rcc.o(.text)
    RCC_I2SCLKConfig                         0x080015a3   Thumb Code     6  stm32f4xx_rcc.o(.text)
    RCC_SAIPLLI2SClkDivConfig                0x080015a9   Thumb Code    26  stm32f4xx_rcc.o(.text)
    RCC_SAIPLLSAIClkDivConfig                0x080015c3   Thumb Code    28  stm32f4xx_rcc.o(.text)
    RCC_SAIBlockACLKConfig                   0x080015df   Thumb Code    20  stm32f4xx_rcc.o(.text)
    RCC_SAIBlockBCLKConfig                   0x080015f3   Thumb Code    20  stm32f4xx_rcc.o(.text)
    RCC_LTDCCLKDivConfig                     0x08001607   Thumb Code    20  stm32f4xx_rcc.o(.text)
    RCC_TIMCLKPresConfig                     0x0800161b   Thumb Code     6  stm32f4xx_rcc.o(.text)
    RCC_AHB1PeriphClockCmd                   0x08001621   Thumb Code    34  stm32f4xx_rcc.o(.text)
    RCC_AHB2PeriphClockCmd                   0x08001643   Thumb Code    78  stm32f4xx_rcc.o(.text)
    RCC_AHB3PeriphClockCmd                   0x08001691   Thumb Code    34  stm32f4xx_rcc.o(.text)
    RCC_APB1PeriphClockCmd                   0x080016b3   Thumb Code    34  stm32f4xx_rcc.o(.text)
    RCC_APB2PeriphClockCmd                   0x080016d5   Thumb Code    34  stm32f4xx_rcc.o(.text)
    RCC_AHB1PeriphResetCmd                   0x080016f7   Thumb Code    34  stm32f4xx_rcc.o(.text)
    RCC_AHB2PeriphResetCmd                   0x08001719   Thumb Code    34  stm32f4xx_rcc.o(.text)
    RCC_AHB3PeriphResetCmd                   0x0800173b   Thumb Code    34  stm32f4xx_rcc.o(.text)
    RCC_APB1PeriphResetCmd                   0x0800175d   Thumb Code    34  stm32f4xx_rcc.o(.text)
    RCC_APB2PeriphResetCmd                   0x0800177f   Thumb Code    34  stm32f4xx_rcc.o(.text)
    RCC_AHB1PeriphClockLPModeCmd             0x080017a1   Thumb Code    34  stm32f4xx_rcc.o(.text)
    RCC_AHB2PeriphClockLPModeCmd             0x080017c3   Thumb Code    34  stm32f4xx_rcc.o(.text)
    RCC_AHB3PeriphClockLPModeCmd             0x080017e5   Thumb Code    34  stm32f4xx_rcc.o(.text)
    RCC_APB1PeriphClockLPModeCmd             0x08001807   Thumb Code    34  stm32f4xx_rcc.o(.text)
    RCC_APB2PeriphClockLPModeCmd             0x08001829   Thumb Code    34  stm32f4xx_rcc.o(.text)
    RCC_LSEModeConfig                        0x0800184b   Thumb Code    40  stm32f4xx_rcc.o(.text)
    RCC_ITConfig                             0x08001873   Thumb Code    34  stm32f4xx_rcc.o(.text)
    RCC_ClearFlag                            0x08001895   Thumb Code    18  stm32f4xx_rcc.o(.text)
    RCC_GetITStatus                          0x080018a7   Thumb Code    22  stm32f4xx_rcc.o(.text)
    RCC_ClearITPendingBit                    0x080018bd   Thumb Code     8  stm32f4xx_rcc.o(.text)
    USART_DeInit                             0x080018c9   Thumb Code   206  stm32f4xx_usart.o(.text)
    USART_Init                               0x08001997   Thumb Code   204  stm32f4xx_usart.o(.text)
    USART_StructInit                         0x08001a63   Thumb Code    24  stm32f4xx_usart.o(.text)
    USART_ClockInit                          0x08001a7b   Thumb Code    32  stm32f4xx_usart.o(.text)
    USART_ClockStructInit                    0x08001a9b   Thumb Code    12  stm32f4xx_usart.o(.text)
    USART_Cmd                                0x08001aa7   Thumb Code    24  stm32f4xx_usart.o(.text)
    USART_SetPrescaler                       0x08001abf   Thumb Code    16  stm32f4xx_usart.o(.text)
    USART_OverSampling8Cmd                   0x08001acf   Thumb Code    22  stm32f4xx_usart.o(.text)
    USART_OneBitMethodCmd                    0x08001ae5   Thumb Code    24  stm32f4xx_usart.o(.text)
    USART_SendData                           0x08001afd   Thumb Code     8  stm32f4xx_usart.o(.text)
    USART_ReceiveData                        0x08001b05   Thumb Code    10  stm32f4xx_usart.o(.text)
    USART_SetAddress                         0x08001b0f   Thumb Code    18  stm32f4xx_usart.o(.text)
    USART_ReceiverWakeUpCmd                  0x08001b21   Thumb Code    24  stm32f4xx_usart.o(.text)
    USART_WakeUpConfig                       0x08001b39   Thumb Code    18  stm32f4xx_usart.o(.text)
    USART_LINBreakDetectLengthConfig         0x08001b4b   Thumb Code    18  stm32f4xx_usart.o(.text)
    USART_LINCmd                             0x08001b5d   Thumb Code    24  stm32f4xx_usart.o(.text)
    USART_SendBreak                          0x08001b75   Thumb Code    10  stm32f4xx_usart.o(.text)
    USART_HalfDuplexCmd                      0x08001b7f   Thumb Code    24  stm32f4xx_usart.o(.text)
    USART_SetGuardTime                       0x08001b97   Thumb Code    16  stm32f4xx_usart.o(.text)
    USART_SmartCardCmd                       0x08001ba7   Thumb Code    24  stm32f4xx_usart.o(.text)
    USART_SmartCardNACKCmd                   0x08001bbf   Thumb Code    24  stm32f4xx_usart.o(.text)
    USART_IrDAConfig                         0x08001bd7   Thumb Code    18  stm32f4xx_usart.o(.text)
    USART_IrDACmd                            0x08001be9   Thumb Code    24  stm32f4xx_usart.o(.text)
    USART_DMACmd                             0x08001c01   Thumb Code    18  stm32f4xx_usart.o(.text)
    USART_ITConfig                           0x08001c13   Thumb Code    74  stm32f4xx_usart.o(.text)
    USART_GetFlagStatus                      0x08001c5d   Thumb Code    26  stm32f4xx_usart.o(.text)
    USART_ClearFlag                          0x08001c77   Thumb Code    18  stm32f4xx_usart.o(.text)
    USART_GetITStatus                        0x08001c89   Thumb Code   118  stm32f4xx_usart.o(.text)
    USART_ClearITPendingBit                  0x08001cff   Thumb Code    30  stm32f4xx_usart.o(.text)
    TIM_DeInit                               0x08001d1d   Thumb Code   346  stm32f4xx_tim.o(.text)
    TIM_TimeBaseInit                         0x08001e77   Thumb Code   104  stm32f4xx_tim.o(.text)
    TIM_TimeBaseStructInit                   0x08001edf   Thumb Code    18  stm32f4xx_tim.o(.text)
    TIM_PrescalerConfig                      0x08001ef1   Thumb Code     6  stm32f4xx_tim.o(.text)
    TIM_CounterModeConfig                    0x08001ef7   Thumb Code    18  stm32f4xx_tim.o(.text)
    TIM_SetCounter                           0x08001f09   Thumb Code     4  stm32f4xx_tim.o(.text)
    TIM_SetAutoreload                        0x08001f0d   Thumb Code     4  stm32f4xx_tim.o(.text)
    TIM_GetCounter                           0x08001f11   Thumb Code     6  stm32f4xx_tim.o(.text)
    TIM_GetPrescaler                         0x08001f17   Thumb Code     6  stm32f4xx_tim.o(.text)
    TIM_UpdateDisableConfig                  0x08001f1d   Thumb Code    24  stm32f4xx_tim.o(.text)
    TIM_UpdateRequestConfig                  0x08001f35   Thumb Code    24  stm32f4xx_tim.o(.text)
    TIM_ARRPreloadConfig                     0x08001f4d   Thumb Code    24  stm32f4xx_tim.o(.text)
    TIM_SelectOnePulseMode                   0x08001f65   Thumb Code    18  stm32f4xx_tim.o(.text)
    TIM_SetClockDivision                     0x08001f77   Thumb Code    18  stm32f4xx_tim.o(.text)
    TIM_Cmd                                  0x08001f89   Thumb Code    24  stm32f4xx_tim.o(.text)
    TIM_OC1Init                              0x08001fa1   Thumb Code   114  stm32f4xx_tim.o(.text)
    TIM_OC2Init                              0x08002013   Thumb Code   154  stm32f4xx_tim.o(.text)
    TIM_OC3Init                              0x080020ad   Thumb Code   204  stm32f4xx_tim.o(.text)
    TIM_OC4Init                              0x08002179   Thumb Code   112  stm32f4xx_tim.o(.text)
    TIM_OCStructInit                         0x080021e9   Thumb Code    20  stm32f4xx_tim.o(.text)
    TIM_SelectOCxM                           0x080021fd   Thumb Code    86  stm32f4xx_tim.o(.text)
    TIM_SetCompare1                          0x08002253   Thumb Code     4  stm32f4xx_tim.o(.text)
    TIM_SetCompare2                          0x08002257   Thumb Code     4  stm32f4xx_tim.o(.text)
    TIM_SetCompare3                          0x0800225b   Thumb Code     4  stm32f4xx_tim.o(.text)
    TIM_SetCompare4                          0x0800225f   Thumb Code     4  stm32f4xx_tim.o(.text)
    TIM_ForcedOC1Config                      0x08002263   Thumb Code    18  stm32f4xx_tim.o(.text)
    TIM_ForcedOC2Config                      0x08002275   Thumb Code    26  stm32f4xx_tim.o(.text)
    TIM_ForcedOC3Config                      0x0800228f   Thumb Code    18  stm32f4xx_tim.o(.text)
    TIM_ForcedOC4Config                      0x080022a1   Thumb Code    26  stm32f4xx_tim.o(.text)
    TIM_OC1PreloadConfig                     0x080022bb   Thumb Code    18  stm32f4xx_tim.o(.text)
    TIM_OC2PreloadConfig                     0x080022cd   Thumb Code    26  stm32f4xx_tim.o(.text)
    TIM_OC3PreloadConfig                     0x080022e7   Thumb Code    18  stm32f4xx_tim.o(.text)
    TIM_OC4PreloadConfig                     0x080022f9   Thumb Code    26  stm32f4xx_tim.o(.text)
    TIM_OC1FastConfig                        0x08002313   Thumb Code    18  stm32f4xx_tim.o(.text)
    TIM_OC2FastConfig                        0x08002325   Thumb Code    26  stm32f4xx_tim.o(.text)
    TIM_OC3FastConfig                        0x0800233f   Thumb Code    18  stm32f4xx_tim.o(.text)
    TIM_OC4FastConfig                        0x08002351   Thumb Code    26  stm32f4xx_tim.o(.text)
    TIM_ClearOC1Ref                          0x0800236b   Thumb Code    18  stm32f4xx_tim.o(.text)
    TIM_ClearOC2Ref                          0x0800237d   Thumb Code    24  stm32f4xx_tim.o(.text)
    TIM_ClearOC3Ref                          0x08002395   Thumb Code    18  stm32f4xx_tim.o(.text)
    TIM_ClearOC4Ref                          0x080023a7   Thumb Code    24  stm32f4xx_tim.o(.text)
    TIM_OC1PolarityConfig                    0x080023bf   Thumb Code    18  stm32f4xx_tim.o(.text)
    TIM_OC1NPolarityConfig                   0x080023d1   Thumb Code    18  stm32f4xx_tim.o(.text)
    TIM_OC2PolarityConfig                    0x080023e3   Thumb Code    26  stm32f4xx_tim.o(.text)
    TIM_OC2NPolarityConfig                   0x080023fd   Thumb Code    26  stm32f4xx_tim.o(.text)
    TIM_OC3PolarityConfig                    0x08002417   Thumb Code    26  stm32f4xx_tim.o(.text)
    TIM_OC3NPolarityConfig                   0x08002431   Thumb Code    26  stm32f4xx_tim.o(.text)
    TIM_OC4PolarityConfig                    0x0800244b   Thumb Code    26  stm32f4xx_tim.o(.text)
    TIM_CCxCmd                               0x08002465   Thumb Code    30  stm32f4xx_tim.o(.text)
    TIM_CCxNCmd                              0x08002483   Thumb Code    30  stm32f4xx_tim.o(.text)
    TIM_SetIC4Prescaler                      0x080024a1   Thumb Code    26  stm32f4xx_tim.o(.text)
    TIM_SetIC3Prescaler                      0x0800250b   Thumb Code    18  stm32f4xx_tim.o(.text)
    TIM_SetIC2Prescaler                      0x08002565   Thumb Code    26  stm32f4xx_tim.o(.text)
    TIM_SetIC1Prescaler                      0x080025d9   Thumb Code    18  stm32f4xx_tim.o(.text)
    TIM_ICInit                               0x08002625   Thumb Code   110  stm32f4xx_tim.o(.text)
    TIM_ICStructInit                         0x08002693   Thumb Code    18  stm32f4xx_tim.o(.text)
    TIM_PWMIConfig                           0x080026a5   Thumb Code   124  stm32f4xx_tim.o(.text)
    TIM_GetCapture1                          0x08002721   Thumb Code     6  stm32f4xx_tim.o(.text)
    TIM_GetCapture2                          0x08002727   Thumb Code     6  stm32f4xx_tim.o(.text)
    TIM_GetCapture3                          0x0800272d   Thumb Code     6  stm32f4xx_tim.o(.text)
    TIM_GetCapture4                          0x08002733   Thumb Code     6  stm32f4xx_tim.o(.text)
    TIM_BDTRConfig                           0x08002739   Thumb Code    32  stm32f4xx_tim.o(.text)
    TIM_BDTRStructInit                       0x08002759   Thumb Code    18  stm32f4xx_tim.o(.text)
    TIM_CtrlPWMOutputs                       0x0800276b   Thumb Code    30  stm32f4xx_tim.o(.text)
    TIM_SelectCOM                            0x08002789   Thumb Code    24  stm32f4xx_tim.o(.text)
    TIM_CCPreloadControl                     0x080027a1   Thumb Code    24  stm32f4xx_tim.o(.text)
    TIM_ITConfig                             0x080027b9   Thumb Code    18  stm32f4xx_tim.o(.text)
    TIM_GenerateEvent                        0x080027cb   Thumb Code     4  stm32f4xx_tim.o(.text)
    TIM_GetFlagStatus                        0x080027cf   Thumb Code    18  stm32f4xx_tim.o(.text)
    TIM_ClearFlag                            0x080027e1   Thumb Code     6  stm32f4xx_tim.o(.text)
    TIM_GetITStatus                          0x080027e7   Thumb Code    34  stm32f4xx_tim.o(.text)
    TIM_ClearITPendingBit                    0x08002809   Thumb Code     6  stm32f4xx_tim.o(.text)
    TIM_DMAConfig                            0x0800280f   Thumb Code    10  stm32f4xx_tim.o(.text)
    TIM_DMACmd                               0x08002819   Thumb Code    18  stm32f4xx_tim.o(.text)
    TIM_SelectCCDMA                          0x0800282b   Thumb Code    24  stm32f4xx_tim.o(.text)
    TIM_InternalClockConfig                  0x08002843   Thumb Code    12  stm32f4xx_tim.o(.text)
    TIM_SelectInputTrigger                   0x0800284f   Thumb Code    18  stm32f4xx_tim.o(.text)
    TIM_ITRxExternalClockConfig              0x08002861   Thumb Code    24  stm32f4xx_tim.o(.text)
    TIM_TIxExternalClockConfig               0x08002879   Thumb Code    62  stm32f4xx_tim.o(.text)
    TIM_ETRConfig                            0x080028b7   Thumb Code    28  stm32f4xx_tim.o(.text)
    TIM_ETRClockMode1Config                  0x080028d3   Thumb Code    54  stm32f4xx_tim.o(.text)
    TIM_ETRClockMode2Config                  0x08002909   Thumb Code    32  stm32f4xx_tim.o(.text)
    TIM_SelectOutputTrigger                  0x08002929   Thumb Code    18  stm32f4xx_tim.o(.text)
    TIM_SelectSlaveMode                      0x0800293b   Thumb Code    18  stm32f4xx_tim.o(.text)
    TIM_SelectMasterSlaveMode                0x0800294d   Thumb Code    18  stm32f4xx_tim.o(.text)
    TIM_EncoderInterfaceConfig               0x0800295f   Thumb Code    66  stm32f4xx_tim.o(.text)
    TIM_SelectHallSensor                     0x080029a1   Thumb Code    24  stm32f4xx_tim.o(.text)
    TIM_RemapConfig                          0x080029b9   Thumb Code     6  stm32f4xx_tim.o(.text)
    usmart_sys_cmd_exe                       0x080029c1   Thumb Code  1554  usmart.o(.text)
    usmart_reset_runtime                     0x08002fd3   Thumb Code    38  usmart.o(.text)
    usmart_get_runtime                       0x08002ff9   Thumb Code    60  usmart.o(.text)
    TIM4_IRQHandler                          0x08003035   Thumb Code    46  usmart.o(.text)
    Timer4_Init                              0x08003063   Thumb Code    86  usmart.o(.text)
    usmart_init                              0x080030b9   Thumb Code    36  usmart.o(.text)
    usmart_cmd_rec                           0x080030dd   Thumb Code   170  usmart.o(.text)
    usmart_exe                               0x08003187   Thumb Code   868  usmart.o(.text)
    usmart_scan                              0x080034eb   Thumb Code   120  usmart.o(.text)
    read_addr                                0x08003563   Thumb Code     6  usmart.o(.text)
    write_addr                               0x08003569   Thumb Code     4  usmart.o(.text)
    usmart_strcmp                            0x080035f5   Thumb Code    34  usmart_str.o(.text)
    usmart_strcopy                           0x08003617   Thumb Code    22  usmart_str.o(.text)
    usmart_strlen                            0x0800362d   Thumb Code    24  usmart_str.o(.text)
    usmart_pow                               0x08003645   Thumb Code    22  usmart_str.o(.text)
    usmart_str2num                           0x0800365b   Thumb Code   202  usmart_str.o(.text)
    usmart_get_cmdname                       0x08003725   Thumb Code    54  usmart_str.o(.text)
    usmart_search_nextc                      0x0800375b   Thumb Code    22  usmart_str.o(.text)
    usmart_get_fname                         0x08003771   Thumb Code   440  usmart_str.o(.text)
    usmart_get_aparm                         0x08003929   Thumb Code   200  usmart_str.o(.text)
    usmart_get_parmpos                       0x080039f1   Thumb Code    26  usmart_str.o(.text)
    usmart_get_fparam                        0x08003a0b   Thumb Code   262  usmart_str.o(.text)
    __use_no_semihosting                     0x08003b1d   Thumb Code     2  use_no_semi_2.o(.text)
    __c89vsprintf                            0x08003b21   Thumb Code    32  c89vsprintf.o(.text)
    __2printf                                0x08003b45   Thumb Code    20  __2printf.o(.text)
    _printf_pre_padding                      0x08003b5d   Thumb Code    44  _printf_pad.o(.text)
    _printf_post_padding                     0x08003b89   Thumb Code    34  _printf_pad.o(.text)
    _printf_str                              0x08003bab   Thumb Code    82  _printf_str.o(.text)
    _printf_int_dec                          0x08003bfd   Thumb Code   104  _printf_dec.o(.text)
    _printf_longlong_hex                     0x08003c75   Thumb Code    86  _printf_hex_int_ll_ptr.o(.text)
    _printf_int_hex                          0x08003ccb   Thumb Code    28  _printf_hex_int_ll_ptr.o(.text)
    _printf_ll_hex                           0x08003ce7   Thumb Code    12  _printf_hex_int_ll_ptr.o(.text)
    _printf_hex_ptr                          0x08003cf3   Thumb Code    18  _printf_hex_int_ll_ptr.o(.text)
    __printf                                 0x08003d09   Thumb Code   388  __printf_flags_ss_wp.o(.text)
    strlen                                   0x08003e91   Thumb Code    62  strlen.o(.text)
    __use_two_region_memory                  0x08003ecf   Thumb Code     2  heapauxi.o(.text)
    __rt_heap_escrow$2region                 0x08003ed1   Thumb Code     2  heapauxi.o(.text)
    __rt_heap_expand$2region                 0x08003ed3   Thumb Code     2  heapauxi.o(.text)
    __I$use$semihosting                      0x08003ed5   Thumb Code     0  use_no_semi.o(.text)
    __use_no_semihosting_swi                 0x08003ed5   Thumb Code     2  use_no_semi.o(.text)
    _printf_truncate_signed                  0x08003ed7   Thumb Code    18  _printf_truncate.o(.text)
    _printf_truncate_unsigned                0x08003ee9   Thumb Code    18  _printf_truncate.o(.text)
    _printf_int_common                       0x08003efb   Thumb Code   178  _printf_intcommon.o(.text)
    _printf_charcount                        0x08003fad   Thumb Code    40  _printf_charcount.o(.text)
    _printf_char_common                      0x08003fdf   Thumb Code    32  _printf_char_common.o(.text)
    _sputc                                   0x08004005   Thumb Code    10  _sputc.o(.text)
    _printf_cs_common                        0x0800400f   Thumb Code    20  _printf_char.o(.text)
    _printf_char                             0x08004023   Thumb Code    16  _printf_char.o(.text)
    _printf_string                           0x08004033   Thumb Code     8  _printf_char.o(.text)
    _printf_char_file                        0x0800403d   Thumb Code    32  _printf_char_file.o(.text)
    _printf_wctomb                           0x08004061   Thumb Code   182  _printf_wctomb.o(.text)
    _printf_longlong_dec                     0x0800411d   Thumb Code   108  _printf_longlong_dec.o(.text)
    _printf_longlong_oct                     0x08004199   Thumb Code    68  _printf_oct_int_ll.o(.text)
    _printf_int_oct                          0x080041dd   Thumb Code    24  _printf_oct_int_ll.o(.text)
    _printf_ll_oct                           0x080041f5   Thumb Code    12  _printf_oct_int_ll.o(.text)
    _ll_udiv10                               0x08004209   Thumb Code   138  lludiv10.o(.text)
    __lib_sel_fp_printf                      0x08004293   Thumb Code     2  _printf_fp_dec.o(.text)
    _printf_fp_dec_real                      0x08004441   Thumb Code   620  _printf_fp_dec.o(.text)
    _printf_lcs_common                       0x080046ad   Thumb Code    20  _printf_wchar.o(.text)
    _printf_wchar                            0x080046c1   Thumb Code    16  _printf_wchar.o(.text)
    _printf_wstring                          0x080046d1   Thumb Code     8  _printf_wchar.o(.text)
    ferror                                   0x080046d9   Thumb Code     8  ferror.o(.text)
    _wcrtomb                                 0x080046e1   Thumb Code    64  _wcrtomb.o(.text)
    __user_setup_stackheap                   0x08004721   Thumb Code    74  sys_stackheap_outer.o(.text)
    __rt_ctype_table                         0x0800476d   Thumb Code    16  rt_ctype_table.o(.text)
    __rt_locale                              0x0800477d   Thumb Code     8  rt_locale_intlibspace.o(.text)
    _printf_fp_infnan                        0x08004785   Thumb Code   112  _printf_fp_infnan.o(.text)
    _btod_etento                             0x08004805   Thumb Code   216  bigflt0.o(.text)
    exit                                     0x080048e1   Thumb Code    12  exit.o(.text)
    __user_libspace                          0x080048ed   Thumb Code     8  libspace.o(.text)
    __user_perproc_libspace                  0x080048ed   Thumb Code     0  libspace.o(.text)
    __user_perthread_libspace                0x080048ed   Thumb Code     0  libspace.o(.text)
    strcmp                                   0x080048f5   Thumb Code   128  strcmpv7m.o(.text)
    _btod_d2e                                0x08004975   Thumb Code    62  btod.o(CL$$btod_d2e)
    _d2e_denorm_low                          0x080049b3   Thumb Code    70  btod.o(CL$$btod_d2e_denorm_low)
    _d2e_norm_op1                            0x080049f9   Thumb Code    96  btod.o(CL$$btod_d2e_norm_op1)
    __btod_div_common                        0x08004a59   Thumb Code   696  btod.o(CL$$btod_div_common)
    _e2e                                     0x08004d91   Thumb Code   198  btod.o(CL$$btod_e2e)
    _btod_ediv                               0x08004e57   Thumb Code    40  btod.o(CL$$btod_ediv)
    _btod_emul                               0x08004e7f   Thumb Code    40  btod.o(CL$$btod_emul)
    __btod_mult_common                       0x08004ea7   Thumb Code   580  btod.o(CL$$btod_mult_common)
    __ARM_fpclassify                         0x080050eb   Thumb Code    48  fpclassify.o(i.__ARM_fpclassify)
    _is_digit                                0x0800511b   Thumb Code    14  __printf_wp.o(i._is_digit)
    _get_lc_numeric                          0x08005129   Thumb Code    44  lc_numeric_c.o(locale$$code)
    _get_lc_ctype                            0x08005155   Thumb Code    44  lc_ctype_c.o(locale$$code)
    _fp_init                                 0x08005181   Thumb Code    10  fpinit.o(x$fpl$fpinit)
    __fplib_config_fpu_vfp                   0x08005189   Thumb Code     0  fpinit.o(x$fpl$fpinit)
    __fplib_config_pureend_doubles           0x08005189   Thumb Code     0  fpinit.o(x$fpl$fpinit)
    _printf_fp_dec                           0x0800518b   Thumb Code     4  printf1.o(x$fpl$printf1)
    __I$use$fp                               0x0800518e   Number         0  usenofp.o(x$fpl$usenofp)
    Region$$Table$$Base                      0x080052fc   Number         0  anon$$obj.o(Region$$Table)
    Region$$Table$$Limit                     0x0800531c   Number         0  anon$$obj.o(Region$$Table)
    __ctype                                  0x08005345   Data           0  lc_ctype_c.o(locale$$data)
    SystemCoreClock                          0x20000000   Data           4  system_stm32f4xx.o(.data)
    AHBPrescTable                            0x20000004   Data          16  system_stm32f4xx.o(.data)
    USART3_RX_STA                            0x20000014   Data           2  usart3.o(.data)
    USART6_RX_STA                            0x20000016   Data           2  usart3.o(.data)
    __stdout                                 0x2000001c   Data           4  usart.o(.data)
    USART_RX_STA                             0x20000020   Data           2  usart.o(.data)
    sys_cmd_tab                              0x20000034   Data          28  usmart.o(.data)
    usmart_nametab                           0x20000050   Data          32  usmart_config.o(.data)
    usmart_dev                               0x20000070   Data         244  usmart_config.o(.data)
    USART3_TX_BUF                            0x20000168   Data         400  usart3.o(.bss)
    USART3_RX_BUF                            0x200002f8   Data         400  usart3.o(.bss)
    USART6_RX_BUF                            0x20000488   Data         400  usart3.o(.bss)
    USART6_TX_BUF                            0x20000618   Data         400  usart3.o(.bss)
    USART_RX_BUF                             0x200007a8   Data         200  usart.o(.bss)
    __libspace_start                         0x20000870   Data          96  libspace.o(.bss)
    __temporary_stack_top$libspace           0x200008d0   Data           0  libspace.o(.bss)



==============================================================================

Memory Map of the image

  Image Entry point : 0x08000189

  Load Region LR_IROM1 (Base: 0x08000000, Size: 0x000055ac, Max: 0x00100000, ABSOLUTE, COMPRESSED[0x000054a4])

    Execution Region ER_IROM1 (Base: 0x08000000, Size: 0x00005448, Max: 0x00100000, ABSOLUTE)

    Base Addr    Size         Type   Attr      Idx    E Section Name        Object

    0x08000000   0x00000188   Data   RO          529    RESET               startup_stm32f40_41xxx.o
    0x08000188   0x00000008   Code   RO          853  * !!!main             c_w.l(__main.o)
    0x08000190   0x00000034   Code   RO         1131    !!!scatter          c_w.l(__scatter.o)
    0x080001c4   0x0000005a   Code   RO         1129    !!dczerorl2         c_w.l(__dczerorl2.o)
    0x0800021e   0x00000002   PAD
    0x08000220   0x0000001c   Code   RO         1133    !!handler_zi        c_w.l(__scatter_zi.o)
    0x0800023c   0x00000000   Code   RO          848    .ARM.Collect$$_printf_percent$$00000000  c_w.l(_printf_percent.o)
    0x0800023c   0x00000006   Code   RO          895    .ARM.Collect$$_printf_percent$$00000001  c_w.l(_printf_n.o)
    0x08000242   0x00000006   Code   RO          896    .ARM.Collect$$_printf_percent$$00000002  c_w.l(_printf_p.o)
    0x08000248   0x00000006   Code   RO          899    .ARM.Collect$$_printf_percent$$00000003  c_w.l(_printf_f.o)
    0x0800024e   0x00000006   Code   RO          900    .ARM.Collect$$_printf_percent$$00000004  c_w.l(_printf_e.o)
    0x08000254   0x00000006   Code   RO          901    .ARM.Collect$$_printf_percent$$00000005  c_w.l(_printf_g.o)
    0x0800025a   0x00000006   Code   RO          902    .ARM.Collect$$_printf_percent$$00000006  c_w.l(_printf_a.o)
    0x08000260   0x0000000a   Code   RO          907    .ARM.Collect$$_printf_percent$$00000007  c_w.l(_printf_ll.o)
    0x0800026a   0x00000006   Code   RO          898    .ARM.Collect$$_printf_percent$$00000008  c_w.l(_printf_i.o)
    0x08000270   0x00000006   Code   RO          846    .ARM.Collect$$_printf_percent$$00000009  c_w.l(_printf_d.o)
    0x08000276   0x00000006   Code   RO          847    .ARM.Collect$$_printf_percent$$0000000A  c_w.l(_printf_u.o)
    0x0800027c   0x00000006   Code   RO          897    .ARM.Collect$$_printf_percent$$0000000B  c_w.l(_printf_o.o)
    0x08000282   0x00000006   Code   RO          845    .ARM.Collect$$_printf_percent$$0000000C  c_w.l(_printf_x.o)
    0x08000288   0x00000006   Code   RO          904    .ARM.Collect$$_printf_percent$$0000000D  c_w.l(_printf_lli.o)
    0x0800028e   0x00000006   Code   RO          905    .ARM.Collect$$_printf_percent$$0000000E  c_w.l(_printf_lld.o)
    0x08000294   0x00000006   Code   RO          906    .ARM.Collect$$_printf_percent$$0000000F  c_w.l(_printf_llu.o)
    0x0800029a   0x00000006   Code   RO          911    .ARM.Collect$$_printf_percent$$00000010  c_w.l(_printf_llo.o)
    0x080002a0   0x00000006   Code   RO          912    .ARM.Collect$$_printf_percent$$00000011  c_w.l(_printf_llx.o)
    0x080002a6   0x0000000a   Code   RO          908    .ARM.Collect$$_printf_percent$$00000012  c_w.l(_printf_l.o)
    0x080002b0   0x00000006   Code   RO          843    .ARM.Collect$$_printf_percent$$00000013  c_w.l(_printf_c.o)
    0x080002b6   0x00000006   Code   RO          844    .ARM.Collect$$_printf_percent$$00000014  c_w.l(_printf_s.o)
    0x080002bc   0x00000006   Code   RO          909    .ARM.Collect$$_printf_percent$$00000015  c_w.l(_printf_lc.o)
    0x080002c2   0x00000006   Code   RO          910    .ARM.Collect$$_printf_percent$$00000016  c_w.l(_printf_ls.o)
    0x080002c8   0x00000004   Code   RO          903    .ARM.Collect$$_printf_percent$$00000017  c_w.l(_printf_percent_end.o)
    0x080002cc   0x00000002   Code   RO          995    .ARM.Collect$$libinit$$00000000  c_w.l(libinit.o)
    0x080002ce   0x00000004   Code   RO         1010    .ARM.Collect$$libinit$$00000001  c_w.l(libinit2.o)
    0x080002d2   0x00000000   Code   RO         1013    .ARM.Collect$$libinit$$00000004  c_w.l(libinit2.o)
    0x080002d2   0x00000000   Code   RO         1016    .ARM.Collect$$libinit$$0000000A  c_w.l(libinit2.o)
    0x080002d2   0x00000000   Code   RO         1018    .ARM.Collect$$libinit$$0000000C  c_w.l(libinit2.o)
    0x080002d2   0x00000000   Code   RO         1020    .ARM.Collect$$libinit$$0000000E  c_w.l(libinit2.o)
    0x080002d2   0x00000006   Code   RO         1021    .ARM.Collect$$libinit$$0000000F  c_w.l(libinit2.o)
    0x080002d8   0x00000000   Code   RO         1023    .ARM.Collect$$libinit$$00000011  c_w.l(libinit2.o)
    0x080002d8   0x0000000c   Code   RO         1024    .ARM.Collect$$libinit$$00000012  c_w.l(libinit2.o)
    0x080002e4   0x00000000   Code   RO         1025    .ARM.Collect$$libinit$$00000013  c_w.l(libinit2.o)
    0x080002e4   0x00000000   Code   RO         1027    .ARM.Collect$$libinit$$00000015  c_w.l(libinit2.o)
    0x080002e4   0x0000000a   Code   RO         1028    .ARM.Collect$$libinit$$00000016  c_w.l(libinit2.o)
    0x080002ee   0x00000000   Code   RO         1029    .ARM.Collect$$libinit$$00000017  c_w.l(libinit2.o)
    0x080002ee   0x00000000   Code   RO         1031    .ARM.Collect$$libinit$$00000019  c_w.l(libinit2.o)
    0x080002ee   0x00000000   Code   RO         1033    .ARM.Collect$$libinit$$0000001B  c_w.l(libinit2.o)
    0x080002ee   0x00000000   Code   RO         1035    .ARM.Collect$$libinit$$0000001D  c_w.l(libinit2.o)
    0x080002ee   0x00000000   Code   RO         1037    .ARM.Collect$$libinit$$0000001F  c_w.l(libinit2.o)
    0x080002ee   0x00000000   Code   RO         1039    .ARM.Collect$$libinit$$00000021  c_w.l(libinit2.o)
    0x080002ee   0x00000000   Code   RO         1041    .ARM.Collect$$libinit$$00000023  c_w.l(libinit2.o)
    0x080002ee   0x00000000   Code   RO         1043    .ARM.Collect$$libinit$$00000025  c_w.l(libinit2.o)
    0x080002ee   0x00000000   Code   RO         1047    .ARM.Collect$$libinit$$0000002C  c_w.l(libinit2.o)
    0x080002ee   0x00000000   Code   RO         1049    .ARM.Collect$$libinit$$0000002E  c_w.l(libinit2.o)
    0x080002ee   0x00000000   Code   RO         1051    .ARM.Collect$$libinit$$00000030  c_w.l(libinit2.o)
    0x080002ee   0x00000000   Code   RO         1053    .ARM.Collect$$libinit$$00000032  c_w.l(libinit2.o)
    0x080002ee   0x00000002   Code   RO         1054    .ARM.Collect$$libinit$$00000033  c_w.l(libinit2.o)
    0x080002f0   0x00000002   Code   RO         1072    .ARM.Collect$$libshutdown$$00000000  c_w.l(libshutdown.o)
    0x080002f2   0x00000000   Code   RO         1083    .ARM.Collect$$libshutdown$$00000003  c_w.l(libshutdown2.o)
    0x080002f2   0x00000000   Code   RO         1086    .ARM.Collect$$libshutdown$$00000006  c_w.l(libshutdown2.o)
    0x080002f2   0x00000000   Code   RO         1089    .ARM.Collect$$libshutdown$$00000009  c_w.l(libshutdown2.o)
    0x080002f2   0x00000000   Code   RO         1091    .ARM.Collect$$libshutdown$$0000000B  c_w.l(libshutdown2.o)
    0x080002f2   0x00000000   Code   RO         1094    .ARM.Collect$$libshutdown$$0000000E  c_w.l(libshutdown2.o)
    0x080002f2   0x00000002   Code   RO         1095    .ARM.Collect$$libshutdown$$0000000F  c_w.l(libshutdown2.o)
    0x080002f4   0x00000000   Code   RO          869    .ARM.Collect$$rtentry$$00000000  c_w.l(__rtentry.o)
    0x080002f4   0x00000000   Code   RO          921    .ARM.Collect$$rtentry$$00000002  c_w.l(__rtentry2.o)
    0x080002f4   0x00000006   Code   RO          933    .ARM.Collect$$rtentry$$00000004  c_w.l(__rtentry4.o)
    0x080002fa   0x00000000   Code   RO          923    .ARM.Collect$$rtentry$$00000009  c_w.l(__rtentry2.o)
    0x080002fa   0x00000004   Code   RO          924    .ARM.Collect$$rtentry$$0000000A  c_w.l(__rtentry2.o)
    0x080002fe   0x00000000   Code   RO          926    .ARM.Collect$$rtentry$$0000000C  c_w.l(__rtentry2.o)
    0x080002fe   0x00000008   Code   RO          927    .ARM.Collect$$rtentry$$0000000D  c_w.l(__rtentry2.o)
    0x08000306   0x00000002   Code   RO         1003    .ARM.Collect$$rtexit$$00000000  c_w.l(rtexit.o)
    0x08000308   0x00000000   Code   RO         1056    .ARM.Collect$$rtexit$$00000002  c_w.l(rtexit2.o)
    0x08000308   0x00000004   Code   RO         1057    .ARM.Collect$$rtexit$$00000003  c_w.l(rtexit2.o)
    0x0800030c   0x00000006   Code   RO         1058    .ARM.Collect$$rtexit$$00000004  c_w.l(rtexit2.o)
    0x08000312   0x00000002   PAD
    0x08000314   0x00000134   Code   RO            4    .text               main.o
    0x08000448   0x0000001a   Code   RO          179    .text               stm32f4xx_it.o
    0x08000462   0x00000002   PAD
    0x08000464   0x00000210   Code   RO          232    .text               system_stm32f4xx.o
    0x08000674   0x00000040   Code   RO          262    .text               led.o
    0x080006b4   0x00000088   Code   RO          353    .text               timer.o
    0x0800073c   0x0000033c   Code   RO          381    .text               usart3.o
    0x08000a78   0x000001e8   Code   RO          419    .text               hc05.o
    0x08000c60   0x00000104   Code   RO          447    .text               delay.o
    0x08000d64   0x00000154   Code   RO          495    .text               usart.o
    0x08000eb8   0x00000040   Code   RO          530    .text               startup_stm32f40_41xxx.o
    0x08000ef8   0x000000e0   Code   RO          537    .text               misc.o
    0x08000fd8   0x00000294   Code   RO          561    .text               stm32f4xx_gpio.o
    0x0800126c   0x0000065c   Code   RO          612    .text               stm32f4xx_rcc.o
    0x080018c8   0x00000454   Code   RO          662    .text               stm32f4xx_usart.o
    0x08001d1c   0x00000ca2   Code   RO          686    .text               stm32f4xx_tim.o
    0x080029be   0x00000002   PAD
    0x080029c0   0x00000c34   Code   RO          710    .text               usmart.o
    0x080035f4   0x00000528   Code   RO          763    .text               usmart_str.o
    0x08003b1c   0x00000002   Code   RO          786    .text               c_w.l(use_no_semi_2.o)
    0x08003b1e   0x00000002   PAD
    0x08003b20   0x00000024   Code   RO          788    .text               c_w.l(c89vsprintf.o)
    0x08003b44   0x00000018   Code   RO          790    .text               c_w.l(__2printf.o)
    0x08003b5c   0x0000004e   Code   RO          796    .text               c_w.l(_printf_pad.o)
    0x08003baa   0x00000052   Code   RO          798    .text               c_w.l(_printf_str.o)
    0x08003bfc   0x00000078   Code   RO          800    .text               c_w.l(_printf_dec.o)
    0x08003c74   0x00000094   Code   RO          820    .text               c_w.l(_printf_hex_int_ll_ptr.o)
    0x08003d08   0x00000188   Code   RO          840    .text               c_w.l(__printf_flags_ss_wp.o)
    0x08003e90   0x0000003e   Code   RO          849    .text               c_w.l(strlen.o)
    0x08003ece   0x00000006   Code   RO          851    .text               c_w.l(heapauxi.o)
    0x08003ed4   0x00000002   Code   RO          867    .text               c_w.l(use_no_semi.o)
    0x08003ed6   0x00000024   Code   RO          870    .text               c_w.l(_printf_truncate.o)
    0x08003efa   0x000000b2   Code   RO          872    .text               c_w.l(_printf_intcommon.o)
    0x08003fac   0x00000028   Code   RO          874    .text               c_w.l(_printf_charcount.o)
    0x08003fd4   0x00000030   Code   RO          876    .text               c_w.l(_printf_char_common.o)
    0x08004004   0x0000000a   Code   RO          878    .text               c_w.l(_sputc.o)
    0x0800400e   0x0000002c   Code   RO          880    .text               c_w.l(_printf_char.o)
    0x0800403a   0x00000002   PAD
    0x0800403c   0x00000024   Code   RO          882    .text               c_w.l(_printf_char_file.o)
    0x08004060   0x000000bc   Code   RO          884    .text               c_w.l(_printf_wctomb.o)
    0x0800411c   0x0000007c   Code   RO          887    .text               c_w.l(_printf_longlong_dec.o)
    0x08004198   0x00000070   Code   RO          893    .text               c_w.l(_printf_oct_int_ll.o)
    0x08004208   0x0000008a   Code   RO          935    .text               c_w.l(lludiv10.o)
    0x08004292   0x0000041a   Code   RO          937    .text               c_w.l(_printf_fp_dec.o)
    0x080046ac   0x0000002c   Code   RO          941    .text               c_w.l(_printf_wchar.o)
    0x080046d8   0x00000008   Code   RO          943    .text               c_w.l(ferror.o)
    0x080046e0   0x00000040   Code   RO          947    .text               c_w.l(_wcrtomb.o)
    0x08004720   0x0000004a   Code   RO          949    .text               c_w.l(sys_stackheap_outer.o)
    0x0800476a   0x00000002   PAD
    0x0800476c   0x00000010   Code   RO          951    .text               c_w.l(rt_ctype_table.o)
    0x0800477c   0x00000008   Code   RO          956    .text               c_w.l(rt_locale_intlibspace.o)
    0x08004784   0x00000080   Code   RO          958    .text               c_w.l(_printf_fp_infnan.o)
    0x08004804   0x000000dc   Code   RO          960    .text               c_w.l(bigflt0.o)
    0x080048e0   0x0000000c   Code   RO          988    .text               c_w.l(exit.o)
    0x080048ec   0x00000008   Code   RO         1000    .text               c_w.l(libspace.o)
    0x080048f4   0x00000080   Code   RO         1008    .text               c_w.l(strcmpv7m.o)
    0x08004974   0x0000003e   Code   RO          963    CL$$btod_d2e        c_w.l(btod.o)
    0x080049b2   0x00000046   Code   RO          965    CL$$btod_d2e_denorm_low  c_w.l(btod.o)
    0x080049f8   0x00000060   Code   RO          964    CL$$btod_d2e_norm_op1  c_w.l(btod.o)
    0x08004a58   0x00000338   Code   RO          973    CL$$btod_div_common  c_w.l(btod.o)
    0x08004d90   0x000000c6   Code   RO          970    CL$$btod_e2e        c_w.l(btod.o)
    0x08004e56   0x00000028   Code   RO          967    CL$$btod_ediv       c_w.l(btod.o)
    0x08004e7e   0x00000028   Code   RO          966    CL$$btod_emul       c_w.l(btod.o)
    0x08004ea6   0x00000244   Code   RO          972    CL$$btod_mult_common  c_w.l(btod.o)
    0x080050ea   0x00000030   Code   RO          998    i.__ARM_fpclassify  m_wm.l(fpclassify.o)
    0x0800511a   0x0000000e   Code   RO          833    i._is_digit         c_w.l(__printf_wp.o)
    0x08005128   0x0000002c   Code   RO          986    locale$$code        c_w.l(lc_numeric_c.o)
    0x08005154   0x0000002c   Code   RO         1006    locale$$code        c_w.l(lc_ctype_c.o)
    0x08005180   0x0000000a   Code   RO         1064    x$fpl$fpinit        fz_wm.l(fpinit.o)
    0x0800518a   0x00000004   Code   RO          917    x$fpl$printf1       fz_wm.l(printf1.o)
    0x0800518e   0x00000000   Code   RO          919    x$fpl$usenofp       fz_wm.l(usenofp.o)
    0x0800518e   0x00000028   Data   RO          821    .constdata          c_w.l(_printf_hex_int_ll_ptr.o)
    0x080051b6   0x00000011   Data   RO          841    .constdata          c_w.l(__printf_flags_ss_wp.o)
    0x080051c7   0x00000001   PAD
    0x080051c8   0x00000008   Data   RO          885    .constdata          c_w.l(_printf_wctomb.o)
    0x080051d0   0x00000094   Data   RO          961    .constdata          c_w.l(bigflt0.o)
    0x08005264   0x00000028   Data   RO          711    .conststring        usmart.o
    0x0800528c   0x0000006f   Data   RO          738    .conststring        usmart_config.o
    0x080052fb   0x00000001   PAD
    0x080052fc   0x00000020   Data   RO         1127    Region$$Table       anon$$obj.o
    0x0800531c   0x0000001c   Data   RO          985    locale$$data        c_w.l(lc_numeric_c.o)
    0x08005338   0x00000110   Data   RO         1005    locale$$data        c_w.l(lc_ctype_c.o)


    Execution Region RW_IRAM1 (Base: 0x20000000, Size: 0x00000ed0, Max: 0x00020000, ABSOLUTE, COMPRESSED[0x0000005c])

    Base Addr    Size         Type   Attr      Idx    E Section Name        Object

    0x20000000   0x00000014   Data   RW          233    .data               system_stm32f4xx.o
    0x20000014   0x00000004   Data   RW          383    .data               usart3.o
    0x20000018   0x00000004   Data   RW          448    .data               delay.o
    0x2000001c   0x00000006   Data   RW          497    .data               usart.o
    0x20000022   0x00000010   Data   RW          613    .data               stm32f4xx_rcc.o
    0x20000032   0x00000002   PAD
    0x20000034   0x0000001c   Data   RW          712    .data               usmart.o
    0x20000050   0x00000114   Data   RW          739    .data               usmart_config.o
    0x20000164   0x00000004   PAD
    0x20000168   0x00000640   Zero   RW          382    .bss                usart3.o
    0x200007a8   0x000000c8   Zero   RW          496    .bss                usart.o
    0x20000870   0x00000060   Zero   RW         1001    .bss                c_w.l(libspace.o)
    0x200008d0   0x00000200   Zero   RW          528    HEAP                startup_stm32f40_41xxx.o
    0x20000ad0   0x00000400   Zero   RW          527    STACK               startup_stm32f40_41xxx.o


==============================================================================

Image component sizes


      Code (inc. data)   RO Data    RW Data    ZI Data      Debug   Object Name

       260          8          0          4          0       1497   delay.o
       488         50          0          0          0       2084   hc05.o
        64          4          0          0          0        555   led.o
       308         64          0          0          0     282435   main.o
       224         20          0          0          0       1877   misc.o
        64         26        392          0       1536        848   startup_stm32f40_41xxx.o
       660         44          0          0          0       4153   stm32f4xx_gpio.o
        26          0          0          0          0       1254   stm32f4xx_it.o
      1628         52          0         16          0      12972   stm32f4xx_rcc.o
      3234         60          0          0          0      22360   stm32f4xx_tim.o
      1108         34          0          0          0       7856   stm32f4xx_usart.o
       528         46          0         20          0       1867   system_stm32f4xx.o
       136          8          0          0          0        832   timer.o
       340         18          0          6        200       3398   usart.o
       828         44          0          4       1600       3640   usart3.o
      3124       1286         40         28          0       4454   usmart.o
         0          0        111        276          0       1616   usmart_config.o
      1320         12          0          0          0       5225   usmart_str.o

    ----------------------------------------------------------------------
     14344       1776        576        356       3340     358923   Object Totals
         0          0         32          0          0          0   (incl. Generated)
         4          0          1          2          4          0   (incl. Padding)

    ----------------------------------------------------------------------

      Code (inc. data)   RO Data    RW Data    ZI Data      Debug   Library Member Name

        24          4          0          0          0         84   __2printf.o
        90          0          0          0          0          0   __dczerorl2.o
         8          0          0          0          0         68   __main.o
       392          4         17          0          0         92   __printf_flags_ss_wp.o
        14          0          0          0          0         68   __printf_wp.o
         0          0          0          0          0          0   __rtentry.o
        12          0          0          0          0          0   __rtentry2.o
         6          0          0          0          0          0   __rtentry4.o
        52          8          0          0          0          0   __scatter.o
        28          0          0          0          0          0   __scatter_zi.o
         6          0          0          0          0          0   _printf_a.o
         6          0          0          0          0          0   _printf_c.o
        44          0          0          0          0        108   _printf_char.o
        48          6          0          0          0         96   _printf_char_common.o
        36          4          0          0          0         80   _printf_char_file.o
        40          0          0          0          0         68   _printf_charcount.o
         6          0          0          0          0          0   _printf_d.o
       120         16          0          0          0         92   _printf_dec.o
         6          0          0          0          0          0   _printf_e.o
         6          0          0          0          0          0   _printf_f.o
      1050          0          0          0          0        216   _printf_fp_dec.o
       128         16          0          0          0         84   _printf_fp_infnan.o
         6          0          0          0          0          0   _printf_g.o
       148          4         40          0          0        160   _printf_hex_int_ll_ptr.o
         6          0          0          0          0          0   _printf_i.o
       178          0          0          0          0         88   _printf_intcommon.o
        10          0          0          0          0          0   _printf_l.o
         6          0          0          0          0          0   _printf_lc.o
        10          0          0          0          0          0   _printf_ll.o
         6          0          0          0          0          0   _printf_lld.o
         6          0          0          0          0          0   _printf_lli.o
         6          0          0          0          0          0   _printf_llo.o
         6          0          0          0          0          0   _printf_llu.o
         6          0          0          0          0          0   _printf_llx.o
       124         16          0          0          0         92   _printf_longlong_dec.o
         6          0          0          0          0          0   _printf_ls.o
         6          0          0          0          0          0   _printf_n.o
         6          0          0          0          0          0   _printf_o.o
       112          8          0          0          0        124   _printf_oct_int_ll.o
         6          0          0          0          0          0   _printf_p.o
        78          0          0          0          0        108   _printf_pad.o
         0          0          0          0          0          0   _printf_percent.o
         4          0          0          0          0          0   _printf_percent_end.o
         6          0          0          0          0          0   _printf_s.o
        82          0          0          0          0         80   _printf_str.o
        36          0          0          0          0         84   _printf_truncate.o
         6          0          0          0          0          0   _printf_u.o
        44          0          0          0          0        108   _printf_wchar.o
       188          6          8          0          0         92   _printf_wctomb.o
         6          0          0          0          0          0   _printf_x.o
        10          0          0          0          0         68   _sputc.o
        64          0          0          0          0         92   _wcrtomb.o
       220          4        148          0          0         96   bigflt0.o
      1910        128          0          0          0        672   btod.o
        36          4          0          0          0         76   c89vsprintf.o
        12          0          0          0          0         72   exit.o
         8          0          0          0          0         68   ferror.o
         6          0          0          0          0        152   heapauxi.o
        44         10        272          0          0         76   lc_ctype_c.o
        44         10         28          0          0         76   lc_numeric_c.o
         2          0          0          0          0          0   libinit.o
        34          0          0          0          0          0   libinit2.o
         2          0          0          0          0          0   libshutdown.o
         2          0          0          0          0          0   libshutdown2.o
         8          4          0          0         96         68   libspace.o
       138          0          0          0          0         80   lludiv10.o
        16          4          0          0          0         76   rt_ctype_table.o
         8          4          0          0          0         68   rt_locale_intlibspace.o
         2          0          0          0          0          0   rtexit.o
        10          0          0          0          0          0   rtexit2.o
       128          0          0          0          0         68   strcmpv7m.o
        62          0          0          0          0         76   strlen.o
        74          0          0          0          0         80   sys_stackheap_outer.o
         2          0          0          0          0         68   use_no_semi.o
         2          0          0          0          0         68   use_no_semi_2.o
        10          0          0          0          0        116   fpinit.o
         4          0          0          0          0        116   printf1.o
         0          0          0          0          0          0   usenofp.o
        48          0          0          0          0        124   fpclassify.o

    ----------------------------------------------------------------------
      6142        260        514          0         96       4448   Library Totals
        10          0          1          0          0          0   (incl. Padding)

    ----------------------------------------------------------------------

      Code (inc. data)   RO Data    RW Data    ZI Data      Debug   Library Name

      6070        260        513          0         96       4092   c_w.l
        14          0          0          0          0        232   fz_wm.l
        48          0          0          0          0        124   m_wm.l

    ----------------------------------------------------------------------
      6142        260        514          0         96       4448   Library Totals

    ----------------------------------------------------------------------

==============================================================================


      Code (inc. data)   RO Data    RW Data    ZI Data      Debug   

     20486       2036       1090        356       3436     357935   Grand Totals
     20486       2036       1090         92       3436     357935   ELF Image Totals (compressed)
     20486       2036       1090         92          0          0   ROM Totals

==============================================================================

    Total RO  Size (Code + RO Data)                21576 (  21.07kB)
    Total RW  Size (RW Data + ZI Data)              3792 (   3.70kB)
    Total ROM Size (Code + RO Data + RW Data)      21668 (  21.16kB)

==============================================================================

