<html>
<body>
<pre>
<h1>礦ision Build Log</h1>
<h2>Tool Versions:</h2>
IDE-Version: μVision V5.12.0.0
Copyright (C) 2014 ARM Ltd and ARM Germany GmbH. All rights reserved.
License Information: yu tian, BUAA, LIC=ATTHL-0FDC9-3Z7W1-C9QVN-YESBQ-MMH03
 
Tool Versions:
Toolchain:       MDK-ARM Standard  Version: 5.12.0.0
Toolchain Path:  D:\Keil_v5\ARM\ARMCC\Bin
C Compiler:      Armcc.exe V5.05 (build 41)
Assembler:       Armasm.exe V5.05 (build 41)
Linker/Locator:  ArmLink.exe V5.05 (build 41)
Library Manager: ArmAr.exe V5.05 (build 41)
Hex Converter:   FromElf.exe V5.05 (build 41)
CPU DLL:         SARMCM3.DLL V5.12.0.0
Dialog DLL:      DCM.DLL V1.13.0.0
    Target DLL: STLink\ST-LINKIII-KEIL_SWO.dll
Dialog DLL:      TCM.DLL V1.14.2.0
 
<h2>Project:</h2>
D:\桌面整理\嵌入式\ATK TRUE\扩展实验1 ATK-HC05蓝牙串口模块实验\USER\ATK-HC05.uvprojx
Project File Date:  11/13/2021

<h2>Output:</h2>
Build target 'ATK-HC05'
compiling main.c...
main.c(97): warning:  #111-D: statement is unreachable
        u3_printf("00000000\r\n");
main.c(20): warning:  #177-D: variable "key" was declared but never referenced
        u8 key;
main.c(21): warning:  #177-D: variable "sendmask" was declared but never referenced
        u8 sendmask=0;
main.c(22): warning:  #177-D: variable "sendcnt" was declared but never referenced
        u8 sendcnt=0;
main.c(23): warning:  #177-D: variable "sendbuf" was declared but never referenced
        u8 sendbuf[20];   
main.c: 5 warnings, 0 errors
linking...
Program Size: Code=20486 RO-data=1090 RW-data=356 ZI-data=3436  
FromELF: creating hex file...
"..\OBJ\ATK-HC05.axf" - 0 Error(s), 5 Warning(s).

<h2>Collection of Component include folders:</h2>
  D:\桌面整理\嵌入式\ATK TRUE\扩展实验1 ATK-HC05蓝牙串口模块实验\USER\RTE
  D:\Keil_v5\ARM\PACK\Keil\STM32F4xx_DFP\2.2.0\Drivers\CMSIS\Device\ST\STM32F4xx\Include

<h2>Collection of Component Files used:</h2>
Load "..\\OBJ\\ATK-HC05.axf" 
Erase Done.
Programming Done.
Verify OK.
</h2>
Load "..\\OBJ\\ATK-HC05.axf" 
Erase Done.
Programming Done.
Verify OK.
s used:</h2>
axf" - 2 Error(s), 4 Warning(s).

<h2>Collection of Component include folders:</h2>
  D:\桌面整理\嵌入式\ATK TRUE\扩展实验1 ATK-HC05蓝牙串口模块实验\USER\RTE
  D:\Keil_v5\ARM\PACK\Keil\STM32F4xx_DFP\2.2.0\Drivers\CMSIS\Device\ST\STM32F4xx\Include

<h2>Collection of Component Files used:</h2>
Target not created.
