<html>
<body>
<pre>
<h1>礦ision Build Log</h1>
<h2>Tool Versions:</h2>
IDE-Version: μVision V5.12.0.0
Copyright (C) 2014 ARM Ltd and ARM Germany GmbH. All rights reserved.
License Information: 1231 杨冬帽, 23, LIC=QF8RA-1NM1C-ZWT2V-PKA3Q-M23W3-L0LMF
 
Tool Versions:
Toolchain:       MDK-ARM Standard  Version: 5.12.0.0
Toolchain Path:  D:\Keil_v5\ARM\ARMCC\Bin
C Compiler:      Armcc.exe V5.05 (build 41)
Assembler:       Armasm.exe V5.05 (build 41)
Linker/Locator:  ArmLink.exe V5.05 (build 41)
Library Manager: ArmAr.exe V5.05 (build 41)
Hex Converter:   FromElf.exe V5.05 (build 41)
CPU DLL:         SARMCM3.DLL V5.12.0.0
Dialog DLL:      DCM.DLL V1.13.0.0
    Target DLL: STLink\ST-LINKIII-KEIL_SWO.dll
Dialog DLL:      TCM.DLL V1.14.2.0
 
<h2>Project:</h2>
D:\Documents\2021Fall\嵌入式\-\keli\ATK TRUE\USER\ATK-HC05.uvprojx
Project File Date:  12/27/2021

<h2>Output:</h2>
Build target 'ATK-HC05'
compiling main.c...
linking...
Program Size: Code=30114 RO-data=5650 RW-data=376 ZI-data=3504  
FromELF: creating hex file...
"..\OBJ\ATK-HC05.axf" - 0 Error(s), 0 Warning(s).

<h2>Collection of Component include folders:</h2>
  D:\Documents\2021Fall\嵌入式\-\keli\ATK TRUE\USER\RTE
  D:\Keil_v5\ARM\PACK\Keil\STM32F4xx_DFP\2.2.0\Drivers\CMSIS\Device\ST\STM32F4xx\Include

<h2>Collection of Component Files used:</h2>
Load "..\\OBJ\\ATK-HC05.axf" 
Erase Done.
Programming Done.
Verify OK.
</pre>
</body>
</html>
 not created.
icitly
     Delay(250);
XPT2046.c(310): warning:  #223-D: function "Delay" declared implicitly
    Delay(1); 
XPT2046.c: 5 warnings, 0 errors
compiling usart3.c...
compiling stm32f4xx_spi.c...
linking...
..\OBJ\ATK-HC05.axf: Error: L6218E: Undefined symbol Delay (referred from ssd1289.o).
Not enough information to list image symbols.
Finished: 1 information, 0 warning and 1 error messages.
"..\OBJ\ATK-HC05.axf" - 1 Error(s), 6 Warning(s).

<h2>Collection of Component include folders:</h2>
  D:\Documents\2021Fall\嵌入式\-\keli\ATK TRUE\USER\RTE
  D:\Keil_v5\ARM\PACK\Keil\STM32F4xx_DFP\2.2.0\Drivers\CMSIS\Device\ST\STM32F4xx\Include

<h2>Collection of Component Files used:</h2>
Target not created.
